2025-05-07 09:42:29,105 INFO Logging started. Log file: logs/20250507_0942.log
2025-05-07 09:42:29,328 INFO Starting news scrape (past_hours=3)...
2025-05-07 09:42:29,329 INFO Starting tech news scrape
2025-05-07 09:42:29,329 INFO === Source: TechCrunch (since 2025-05-06T22:42:29.329088+00:00) ===
2025-05-07 09:42:29,329 INFO Parsing RSS for TechCrunch
2025-05-07 09:42:30,097 INFO === Source: The Verge (since 2025-05-06T23:28:13+00:00) ===
2025-05-07 09:42:30,097 INFO Parsing RSS for The Verge
2025-05-07 09:42:30,219 INFO === Source: Wired (since 2025-05-06T22:42:29.329088+00:00) ===
2025-05-07 09:42:30,219 INFO Parsing RSS for Wired
2025-05-07 09:42:30,460 INFO === Source: Ars Technica (since 2025-05-06T22:42:29.329088+00:00) ===
2025-05-07 09:42:30,460 INFO Parsing RSS for Ars Technica
2025-05-07 09:42:30,617 INFO Skipping already scraped article: https://arstechnica.com/security/2025/05/jury-orders-nso-to-pay-167-million-for-hacking-whatsapp-users/
2025-05-07 09:42:30,617 INFO === Source: Hacker News (since 2025-05-07T00:00:00+00:00) ===
2025-05-07 09:42:30,617 INFO Parsing RSS for Hacker News
2025-05-07 09:42:31,486 INFO Skipping already scraped article: https://vale.rocks/posts/creativity-came-to-pass
2025-05-07 09:42:31,486 INFO Skipping already scraped article: https://arstechnica.com/security/2025/05/jury-orders-nso-to-pay-167-million-for-hacking-whatsapp-users/
2025-05-07 09:42:31,487 INFO === Source: MIT Technology Review (since 2025-05-06T22:42:29.329088+00:00) ===
2025-05-07 09:42:31,487 INFO Parsing RSS for MIT Technology Review
2025-05-07 09:42:31,619 INFO === Source: ZDNet (since 2025-05-06T22:42:29.329088+00:00) ===
2025-05-07 09:42:31,619 INFO Parsing RSS for ZDNet
2025-05-07 09:42:32,136 INFO === Source: Mashable Tech (since 2025-05-06T22:42:29.329088+00:00) ===
2025-05-07 09:42:32,136 INFO Parsing RSS for Mashable Tech
2025-05-07 09:42:32,482 INFO === Source: Engadget (since 2025-05-06T22:46:49+00:00) ===
2025-05-07 09:42:32,483 INFO Parsing RSS for Engadget
2025-05-07 09:42:33,297 INFO === Source: The Next Web (since 2025-05-06T22:42:29.329088+00:00) ===
2025-05-07 09:42:33,297 INFO Parsing RSS for The Next Web
2025-05-07 09:42:34,128 INFO === Source: ReadWrite (since 2025-05-06T22:42:29.329088+00:00) ===
2025-05-07 09:42:34,129 INFO Parsing RSS for ReadWrite
2025-05-07 09:42:35,318 INFO === Source: Slashdot (since 2025-05-06T22:42:29.329088+00:00) ===
2025-05-07 09:42:35,318 INFO Parsing RSS for Slashdot
2025-05-07 09:42:35,825 INFO === Source: VentureBeat (since 2025-05-07T00:00:00+00:00) ===
2025-05-07 09:42:35,826 INFO Parsing RSS for VentureBeat
2025-05-07 09:42:36,728 INFO === Source: TechRadar (since 2025-05-07T00:00:00+00:00) ===
2025-05-07 09:42:36,728 INFO Parsing RSS for TechRadar
2025-05-07 09:42:36,913 INFO === Source: Gizmodo (since 2025-05-06T22:42:29.329088+00:00) ===
2025-05-07 09:42:36,913 INFO Parsing RSS for Gizmodo
2025-05-07 09:42:38,938 INFO === Source: CNET (since 2025-05-06T23:26:00+00:00) ===
2025-05-07 09:42:38,938 INFO Parsing RSS for CNET
2025-05-07 09:42:39,220 INFO === Source: Bleeping Computer (since 2025-05-06T22:42:29.329088+00:00) ===
2025-05-07 09:42:39,220 INFO Parsing RSS for Bleeping Computer
2025-05-07 09:42:39,343 INFO === Source: Tech Republic (since 2025-05-06T22:42:29.329088+00:00) ===
2025-05-07 09:42:39,344 INFO Parsing RSS for Tech Republic
2025-05-07 09:42:39,493 INFO === Source: Digital Trends (since 2025-05-06T18:00:00-07:00) ===
2025-05-07 09:42:39,493 INFO Parsing RSS for Digital Trends
2025-05-07 09:42:39,593 INFO === Source: Hackaday (since 2025-05-06T22:42:29.329088+00:00) ===
2025-05-07 09:42:39,593 INFO Parsing RSS for Hackaday
2025-05-07 09:42:39,698 INFO Skipping already scraped article: https://hackaday.com/2025/05/06/five-oddest-op-amp-applications/
2025-05-07 09:42:39,699 INFO No new articles found.
2025-05-07 09:42:39,699 INFO Tech news scrape complete, found 0 new articles
2025-05-07 09:42:39,699 INFO Tech news scrape complete, found 0 new articles
2025-05-07 09:42:39,700 INFO Starting business news scrape
2025-05-07 09:42:39,700 INFO === Source: Forbes (since 2025-05-07T00:33:21+00:00) ===
2025-05-07 09:42:39,700 INFO Parsing RSS for Forbes
2025-05-07 09:42:40,912 INFO === Source: Business Insider (since 2025-05-06T23:29:18+00:00) ===
2025-05-07 09:42:40,913 INFO Parsing RSS for Business Insider
2025-05-07 09:42:42,227 INFO === Source: Entrepreneur Magazine (since 2025-05-06T22:42:39.700045+00:00) ===
2025-05-07 09:42:42,227 INFO Parsing RSS for Entrepreneur Magazine
2025-05-07 09:42:42,798 INFO === Source: Inc. (since 2025-05-06T22:42:39.700045+00:00) ===
2025-05-07 09:42:42,798 INFO Parsing RSS for Inc.
2025-05-07 09:42:43,700 INFO === Source: Harvard Business Review (since 2025-05-06T22:42:39.700045+00:00) ===
2025-05-07 09:42:43,701 INFO Parsing RSS for Harvard Business Review
2025-05-07 09:42:44,935 INFO === Source: Reuters Business (since 2025-05-06T22:42:39.700045+00:00) ===
2025-05-07 09:42:44,935 INFO Parsing RSS for Reuters Business
2025-05-07 09:42:44,973 INFO === Source: CNBC (since 2025-05-06T22:42:39.700045+00:00) ===
2025-05-07 09:42:44,973 INFO Parsing RSS for CNBC
2025-05-07 09:42:45,454 INFO === Source: Financial Times (since 2025-05-07T00:31:00+00:00) ===
2025-05-07 09:42:45,454 INFO Parsing RSS for Financial Times
2025-05-07 09:42:46,304 INFO === Source: The Economist (since 2025-05-06T22:42:39.700045+00:00) ===
2025-05-07 09:42:46,304 INFO Parsing RSS for The Economist
2025-05-07 09:42:47,343 INFO === Source: Wall Street Journal (since 2025-05-06T22:42:39.700045+00:00) ===
2025-05-07 09:42:47,343 INFO Parsing RSS for Wall Street Journal
2025-05-07 09:42:47,899 INFO === Source: Fortune (since 2025-05-06T22:42:39.700045+00:00) ===
2025-05-07 09:42:47,900 INFO Parsing RSS for Fortune
2025-05-07 09:42:48,400 INFO Skipping already scraped article: https://fortune.com/2025/05/06/lyft-ceo-boomer-economy-silver/
2025-05-07 09:42:48,400 INFO === Source: Seeking Alpha (since 2025-05-06T22:42:39.700045+00:00) ===
2025-05-07 09:42:48,400 INFO Parsing RSS for Seeking Alpha
2025-05-07 09:42:48,689 INFO Processing article 1/30 from Seeking Alpha
2025-05-07 09:42:48,689 INFO Fetching article: https://seekingalpha.com/article/4782653-the-hackett-group-inc-hckt-q1-2025-earnings-call-transcript?source=feed_all_articles
2025-05-07 09:42:48,940 WARNING Robots.txt disallows: https://seekingalpha.com/article/4782653-the-hackett-group-inc-hckt-q1-2025-earnings-call-transcript?source=feed_all_articles
2025-05-07 09:42:48,940 WARNING Disallowed by robots.txt: https://seekingalpha.com/article/4782653-the-hackett-group-inc-hckt-q1-2025-earnings-call-transcript?source=feed_all_articles
2025-05-07 09:42:48,940 INFO Processing article 2/30 from Seeking Alpha
2025-05-07 09:42:48,940 INFO Fetching article: https://seekingalpha.com/article/4782652-the-azek-company-inc-azek-q2-2025-earnings-call-transcript?source=feed_all_articles
2025-05-07 09:42:48,940 WARNING Disallowed by robots.txt: https://seekingalpha.com/article/4782652-the-azek-company-inc-azek-q2-2025-earnings-call-transcript?source=feed_all_articles
2025-05-07 09:42:48,940 INFO Processing article 3/30 from Seeking Alpha
2025-05-07 09:42:48,940 INFO Fetching article: https://seekingalpha.com/article/4782651-masimo-corporation-2025-q1-results-earnings-call-presentation?source=feed_all_articles
2025-05-07 09:42:48,940 WARNING Disallowed by robots.txt: https://seekingalpha.com/article/4782651-masimo-corporation-2025-q1-results-earnings-call-presentation?source=feed_all_articles
2025-05-07 09:42:48,940 INFO Processing article 4/30 from Seeking Alpha
2025-05-07 09:42:48,940 INFO Fetching article: https://seekingalpha.com/article/4782650-advanced-micro-devices-inc-amd-q1-2025-earnings-call-transcript?source=feed_all_articles
2025-05-07 09:42:48,940 WARNING Disallowed by robots.txt: https://seekingalpha.com/article/4782650-advanced-micro-devices-inc-amd-q1-2025-earnings-call-transcript?source=feed_all_articles
2025-05-07 09:42:48,940 INFO Processing article 5/30 from Seeking Alpha
2025-05-07 09:42:48,940 INFO Fetching article: https://seekingalpha.com/article/4782614-ballard-power-stock-weak-prospects-reflected-discounted-valuation-hold?source=feed_all_articles
2025-05-07 09:42:48,940 WARNING Disallowed by robots.txt: https://seekingalpha.com/article/4782614-ballard-power-stock-weak-prospects-reflected-discounted-valuation-hold?source=feed_all_articles
2025-05-07 09:42:48,940 INFO Processing article 6/30 from Seeking Alpha
2025-05-07 09:42:48,940 INFO Fetching article: https://seekingalpha.com/article/4782649-ginkgo-bioworks-holdings-inc-dna-q1-2025-earnings-call-transcript?source=feed_all_articles
2025-05-07 09:42:48,940 WARNING Disallowed by robots.txt: https://seekingalpha.com/article/4782649-ginkgo-bioworks-holdings-inc-dna-q1-2025-earnings-call-transcript?source=feed_all_articles
2025-05-07 09:42:48,940 INFO Processing article 7/30 from Seeking Alpha
2025-05-07 09:42:48,940 INFO Fetching article: https://seekingalpha.com/article/4782648-gen-digital-inc-2025-q4-results-earnings-call-presentation?source=feed_all_articles
2025-05-07 09:42:48,940 WARNING Disallowed by robots.txt: https://seekingalpha.com/article/4782648-gen-digital-inc-2025-q4-results-earnings-call-presentation?source=feed_all_articles
2025-05-07 09:42:48,940 INFO Processing article 8/30 from Seeking Alpha
2025-05-07 09:42:48,940 INFO Fetching article: https://seekingalpha.com/article/4782647-gen-digital-inc-gen-q4-2025-earnings-call-transcript?source=feed_all_articles
2025-05-07 09:42:48,940 WARNING Disallowed by robots.txt: https://seekingalpha.com/article/4782647-gen-digital-inc-gen-q4-2025-earnings-call-transcript?source=feed_all_articles
2025-05-07 09:42:48,940 INFO Processing article 9/30 from Seeking Alpha
2025-05-07 09:42:48,940 INFO Fetching article: https://seekingalpha.com/article/4782645-innovate-corp-2025-q1-results-earnings-call-presentation?source=feed_all_articles
2025-05-07 09:42:48,940 WARNING Disallowed by robots.txt: https://seekingalpha.com/article/4782645-innovate-corp-2025-q1-results-earnings-call-presentation?source=feed_all_articles
2025-05-07 09:42:48,940 INFO Processing article 10/30 from Seeking Alpha
2025-05-07 09:42:48,940 INFO Fetching article: https://seekingalpha.com/article/4782644-astronics-corporation-atro-q1-2025-earnings-call-transcript?source=feed_all_articles
2025-05-07 09:42:48,940 WARNING Disallowed by robots.txt: https://seekingalpha.com/article/4782644-astronics-corporation-atro-q1-2025-earnings-call-transcript?source=feed_all_articles
2025-05-07 09:42:48,940 INFO Processing article 11/30 from Seeking Alpha
2025-05-07 09:42:48,940 INFO Fetching article: https://seekingalpha.com/article/4782643-suro-capital-corp-ssss-q1-2025-earnings-call-transcript?source=feed_all_articles
2025-05-07 09:42:48,940 WARNING Disallowed by robots.txt: https://seekingalpha.com/article/4782643-suro-capital-corp-ssss-q1-2025-earnings-call-transcript?source=feed_all_articles
2025-05-07 09:42:48,940 INFO Processing article 12/30 from Seeking Alpha
2025-05-07 09:42:48,940 INFO Fetching article: https://seekingalpha.com/article/4782642-lifevantage-corporation-lfvn-q3-2025-earnings-call-transcript?source=feed_all_articles
2025-05-07 09:42:48,940 WARNING Disallowed by robots.txt: https://seekingalpha.com/article/4782642-lifevantage-corporation-lfvn-q3-2025-earnings-call-transcript?source=feed_all_articles
2025-05-07 09:42:48,941 INFO Processing article 13/30 from Seeking Alpha
2025-05-07 09:42:48,941 INFO Fetching article: https://seekingalpha.com/article/4782641-astera-labs-inc-alab-q1-2025-earnings-call-transcript?source=feed_all_articles
2025-05-07 09:42:48,941 WARNING Disallowed by robots.txt: https://seekingalpha.com/article/4782641-astera-labs-inc-alab-q1-2025-earnings-call-transcript?source=feed_all_articles
2025-05-07 09:42:48,941 INFO Processing article 14/30 from Seeking Alpha
2025-05-07 09:42:48,941 INFO Fetching article: https://seekingalpha.com/article/4782640-teradata-corporation-tdc-q1-2025-earnings-call-transcript?source=feed_all_articles
2025-05-07 09:42:48,941 WARNING Disallowed by robots.txt: https://seekingalpha.com/article/4782640-teradata-corporation-tdc-q1-2025-earnings-call-transcript?source=feed_all_articles
2025-05-07 09:42:48,941 INFO Processing article 15/30 from Seeking Alpha
2025-05-07 09:42:48,941 INFO Fetching article: https://seekingalpha.com/article/4782638-grand-canyon-education-inc-lope-q1-2025-earnings-call-transcript?source=feed_all_articles
2025-05-07 09:42:48,941 WARNING Disallowed by robots.txt: https://seekingalpha.com/article/4782638-grand-canyon-education-inc-lope-q1-2025-earnings-call-transcript?source=feed_all_articles
2025-05-07 09:42:48,941 INFO Processing article 16/30 from Seeking Alpha
2025-05-07 09:42:48,941 INFO Fetching article: https://seekingalpha.com/article/4782637-crexendo-inc-cxdo-q1-2025-earnings-call-transcript?source=feed_all_articles
2025-05-07 09:42:48,941 WARNING Disallowed by robots.txt: https://seekingalpha.com/article/4782637-crexendo-inc-cxdo-q1-2025-earnings-call-transcript?source=feed_all_articles
2025-05-07 09:42:48,941 INFO Processing article 17/30 from Seeking Alpha
2025-05-07 09:42:48,941 INFO Fetching article: https://seekingalpha.com/article/4782636-innovate-corp-vate-q1-2025-earnings-call-transcript?source=feed_all_articles
2025-05-07 09:42:48,941 WARNING Disallowed by robots.txt: https://seekingalpha.com/article/4782636-innovate-corp-vate-q1-2025-earnings-call-transcript?source=feed_all_articles
2025-05-07 09:42:48,941 INFO Processing article 18/30 from Seeking Alpha
2025-05-07 09:42:48,941 INFO Fetching article: https://seekingalpha.com/article/4782602-kilroy-realty-stock-fairly-valued-fully-priced?source=feed_all_articles
2025-05-07 09:42:48,941 WARNING Disallowed by robots.txt: https://seekingalpha.com/article/4782602-kilroy-realty-stock-fairly-valued-fully-priced?source=feed_all_articles
2025-05-07 09:42:48,941 INFO Processing article 19/30 from Seeking Alpha
2025-05-07 09:42:48,941 INFO Fetching article: https://seekingalpha.com/article/4782635-curiositystream-inc-curi-q1-2025-earnings-call-transcript?source=feed_all_articles
2025-05-07 09:42:48,941 WARNING Disallowed by robots.txt: https://seekingalpha.com/article/4782635-curiositystream-inc-curi-q1-2025-earnings-call-transcript?source=feed_all_articles
2025-05-07 09:42:48,941 INFO Processing article 20/30 from Seeking Alpha
2025-05-07 09:42:48,941 INFO Fetching article: https://seekingalpha.com/article/4782634-personalis-inc-psnl-q1-2025-earnings-call-transcript?source=feed_all_articles
2025-05-07 09:42:48,941 WARNING Disallowed by robots.txt: https://seekingalpha.com/article/4782634-personalis-inc-psnl-q1-2025-earnings-call-transcript?source=feed_all_articles
2025-05-07 09:42:48,941 INFO Processing article 21/30 from Seeking Alpha
2025-05-07 09:42:48,941 INFO Fetching article: https://seekingalpha.com/article/4782633-corsair-gaming-inc-crsr-q1-2025-earnings-call-transcript?source=feed_all_articles
2025-05-07 09:42:48,941 WARNING Disallowed by robots.txt: https://seekingalpha.com/article/4782633-corsair-gaming-inc-crsr-q1-2025-earnings-call-transcript?source=feed_all_articles
2025-05-07 09:42:48,941 INFO Processing article 22/30 from Seeking Alpha
2025-05-07 09:42:48,941 INFO Fetching article: https://seekingalpha.com/article/4782631-upstart-holdings-inc-2025-q1-results-earnings-call-presentation?source=feed_all_articles
2025-05-07 09:42:48,941 WARNING Disallowed by robots.txt: https://seekingalpha.com/article/4782631-upstart-holdings-inc-2025-q1-results-earnings-call-presentation?source=feed_all_articles
2025-05-07 09:42:48,941 INFO Processing article 23/30 from Seeking Alpha
2025-05-07 09:42:48,941 INFO Fetching article: https://seekingalpha.com/article/4782630-clover-health-investments-corp-2025-q1-results-earnings-call-presentation?source=feed_all_articles
2025-05-07 09:42:48,941 WARNING Disallowed by robots.txt: https://seekingalpha.com/article/4782630-clover-health-investments-corp-2025-q1-results-earnings-call-presentation?source=feed_all_articles
2025-05-07 09:42:48,941 INFO Processing article 24/30 from Seeking Alpha
2025-05-07 09:42:48,941 INFO Fetching article: https://seekingalpha.com/article/4782629-natures-sunshine-products-inc-natr-q1-2025-earnings-call-transcript?source=feed_all_articles
2025-05-07 09:42:48,941 WARNING Disallowed by robots.txt: https://seekingalpha.com/article/4782629-natures-sunshine-products-inc-natr-q1-2025-earnings-call-transcript?source=feed_all_articles
2025-05-07 09:42:48,941 INFO Processing article 25/30 from Seeking Alpha
2025-05-07 09:42:48,941 INFO Fetching article: https://seekingalpha.com/article/4782628-clover-health-investments-corp-clov-q1-2025-earnings-call-transcript?source=feed_all_articles
2025-05-07 09:42:48,941 WARNING Disallowed by robots.txt: https://seekingalpha.com/article/4782628-clover-health-investments-corp-clov-q1-2025-earnings-call-transcript?source=feed_all_articles
2025-05-07 09:42:48,941 INFO Processing article 26/30 from Seeking Alpha
2025-05-07 09:42:48,941 INFO Fetching article: https://seekingalpha.com/article/4782627-upstart-holdings-inc-upst-q1-2025-earnings-call-transcript?source=feed_all_articles
2025-05-07 09:42:48,941 WARNING Disallowed by robots.txt: https://seekingalpha.com/article/4782627-upstart-holdings-inc-upst-q1-2025-earnings-call-transcript?source=feed_all_articles
2025-05-07 09:42:48,941 INFO Processing article 27/30 from Seeking Alpha
2025-05-07 09:42:48,941 INFO Fetching article: https://seekingalpha.com/article/4782626-lumentum-holdings-inc-2025-q3-results-earnings-call-presentation?source=feed_all_articles
2025-05-07 09:42:48,941 WARNING Disallowed by robots.txt: https://seekingalpha.com/article/4782626-lumentum-holdings-inc-2025-q3-results-earnings-call-presentation?source=feed_all_articles
2025-05-07 09:42:48,941 INFO Processing article 28/30 from Seeking Alpha
2025-05-07 09:42:48,941 INFO Fetching article: https://seekingalpha.com/article/4782625-lumentum-holdings-inc-lite-q3-2025-earnings-call-transcript?source=feed_all_articles
2025-05-07 09:42:48,941 WARNING Disallowed by robots.txt: https://seekingalpha.com/article/4782625-lumentum-holdings-inc-lite-q3-2025-earnings-call-transcript?source=feed_all_articles
2025-05-07 09:42:48,941 INFO Processing article 29/30 from Seeking Alpha
2025-05-07 09:42:48,941 INFO Fetching article: https://seekingalpha.com/article/4782624-cirrus-logic-inc-crus-q4-2025-earnings-call-transcript?source=feed_all_articles
2025-05-07 09:42:48,941 WARNING Disallowed by robots.txt: https://seekingalpha.com/article/4782624-cirrus-logic-inc-crus-q4-2025-earnings-call-transcript?source=feed_all_articles
2025-05-07 09:42:48,941 INFO Processing article 30/30 from Seeking Alpha
2025-05-07 09:42:48,941 INFO Fetching article: https://seekingalpha.com/article/4782623-jamf-holding-corp-2025-q1-results-earnings-call-presentation?source=feed_all_articles
2025-05-07 09:42:48,942 WARNING Disallowed by robots.txt: https://seekingalpha.com/article/4782623-jamf-holding-corp-2025-q1-results-earnings-call-presentation?source=feed_all_articles
2025-05-07 09:42:48,942 INFO === Source: The Hustle (since 2025-05-06T22:42:39.700045+00:00) ===
2025-05-07 09:42:48,942 INFO Parsing RSS for The Hustle
2025-05-07 09:42:49,639 INFO === Source: Quartz (since 2025-05-06T22:42:39.700045+00:00) ===
2025-05-07 09:42:49,639 INFO Parsing RSS for Quartz
2025-05-07 09:42:50,589 INFO === Source: Yahoo Finance (since 2025-05-06T22:42:39.700045+00:00) ===
2025-05-07 09:42:50,590 INFO Parsing RSS for Yahoo Finance
2025-05-07 09:42:52,102 INFO === Source: McKinsey Insights (since 2025-05-06T22:42:39.700045+00:00) ===
2025-05-07 09:42:52,102 INFO Parsing RSS for McKinsey Insights
2025-05-07 09:42:52,765 INFO === Source: Moz Blog (since 2025-05-06T22:42:39.700045+00:00) ===
2025-05-07 09:42:52,765 INFO Parsing RSS for Moz Blog
2025-05-07 09:42:54,917 INFO === Source: Investing.com (since 2025-05-06T22:42:39.700045+00:00) ===
2025-05-07 09:42:54,917 INFO Parsing RSS for Investing.com
2025-05-07 09:42:55,078 INFO Processing article 1/10 from Investing.com
2025-05-07 09:42:55,078 INFO Fetching article: https://www.investing.com/news/world-news/mexican-cartel-leader-ovidio-guzman-set-to-reach-plea-deal-on-us-drug-charges-4026851
2025-05-07 09:42:55,125 WARNING Robots.txt disallows: https://www.investing.com/news/world-news/mexican-cartel-leader-ovidio-guzman-set-to-reach-plea-deal-on-us-drug-charges-4026851
2025-05-07 09:42:55,125 WARNING Disallowed by robots.txt: https://www.investing.com/news/world-news/mexican-cartel-leader-ovidio-guzman-set-to-reach-plea-deal-on-us-drug-charges-4026851
2025-05-07 09:42:55,125 INFO Processing article 2/10 from Investing.com
2025-05-07 09:42:55,125 INFO Fetching article: https://www.investing.com/news/economic-indicators/trump-says-china-wants-to-negotiate-meet-at-right-time-4025753
2025-05-07 09:42:55,126 WARNING Disallowed by robots.txt: https://www.investing.com/news/economic-indicators/trump-says-china-wants-to-negotiate-meet-at-right-time-4025753
2025-05-07 09:42:55,126 INFO Processing article 3/10 from Investing.com
2025-05-07 09:42:55,126 INFO Fetching article: https://www.investing.com/news/press-releases/longi-and-engie-forge-powerful-partnership-to-drive-solar-innovation-with-himo-9-bc-technology-93CH-4026850
2025-05-07 09:42:55,126 WARNING Disallowed by robots.txt: https://www.investing.com/news/press-releases/longi-and-engie-forge-powerful-partnership-to-drive-solar-innovation-with-himo-9-bc-technology-93CH-4026850
2025-05-07 09:42:55,126 INFO Processing article 4/10 from Investing.com
2025-05-07 09:42:55,126 INFO Fetching article: https://www.investing.com/news/insider-trading-news/landmark-bancorp-director-michael-scheopner-sells-123-million-in-stock-93CH-4026849
2025-05-07 09:42:55,126 WARNING Disallowed by robots.txt: https://www.investing.com/news/insider-trading-news/landmark-bancorp-director-michael-scheopner-sells-123-million-in-stock-93CH-4026849
2025-05-07 09:42:55,126 INFO Processing article 5/10 from Investing.com
2025-05-07 09:42:55,126 INFO Fetching article: https://www.investing.com/news/company-news/varonis-q1-2025-slides-19-arr-growth-amid-accelerating-saas-transition-93CH-4026848
2025-05-07 09:42:55,126 WARNING Disallowed by robots.txt: https://www.investing.com/news/company-news/varonis-q1-2025-slides-19-arr-growth-amid-accelerating-saas-transition-93CH-4026848
2025-05-07 09:42:55,126 INFO Processing article 6/10 from Investing.com
2025-05-07 09:42:55,126 INFO Fetching article: https://www.investing.com/news/stock-market-news/tesla-launches-model-y-long-range-rearwheel-drive-in-the-us-4026847
2025-05-07 09:42:55,126 WARNING Disallowed by robots.txt: https://www.investing.com/news/stock-market-news/tesla-launches-model-y-long-range-rearwheel-drive-in-the-us-4026847
2025-05-07 09:42:55,126 INFO Processing article 7/10 from Investing.com
2025-05-07 09:42:55,126 INFO Fetching article: https://www.investing.com/news/world-news/us-may-soon-deport-migrants-to-libya-on-military-flight-sources-say-4026832
2025-05-07 09:42:55,126 WARNING Disallowed by robots.txt: https://www.investing.com/news/world-news/us-may-soon-deport-migrants-to-libya-on-military-flight-sources-say-4026832
2025-05-07 09:42:55,126 INFO Processing article 8/10 from Investing.com
2025-05-07 09:42:55,126 INFO Fetching article: https://www.investing.com/news/insider-trading-news/evercommerce-president-matthew-feierstein-sells-250539-in-stock-93CH-4026846
2025-05-07 09:42:55,126 WARNING Disallowed by robots.txt: https://www.investing.com/news/insider-trading-news/evercommerce-president-matthew-feierstein-sells-250539-in-stock-93CH-4026846
2025-05-07 09:42:55,126 INFO Processing article 9/10 from Investing.com
2025-05-07 09:42:55,127 INFO Fetching article: https://www.investing.com/news/company-news/teradata-q1-2025-slides-cloud-arr-growth-accelerates-amid-revenue-decline-93CH-4026845
2025-05-07 09:42:55,127 WARNING Disallowed by robots.txt: https://www.investing.com/news/company-news/teradata-q1-2025-slides-cloud-arr-growth-accelerates-amid-revenue-decline-93CH-4026845
2025-05-07 09:42:55,127 INFO Processing article 10/10 from Investing.com
2025-05-07 09:42:55,127 INFO Fetching article: https://www.investing.com/news/company-news/sarepta-q1-2025-slides-revenue-grows-70-but-guidance-cut-amid-elevidys-challenges-93CH-4026844
2025-05-07 09:42:55,127 WARNING Disallowed by robots.txt: https://www.investing.com/news/company-news/sarepta-q1-2025-slides-revenue-grows-70-but-guidance-cut-amid-elevidys-challenges-93CH-4026844
2025-05-07 09:42:55,127 INFO === Source: Finextra (since 2025-05-06T22:42:39.700045+00:00) ===
2025-05-07 09:42:55,127 INFO Parsing RSS for Finextra
2025-05-07 09:42:56,516 INFO Processing article 1/15 from Finextra
2025-05-07 09:42:56,516 INFO Fetching article: https://www.finextra.com/newsarticle/45941/palantir-xai-and-twg-global-team-on-ai-offering-for-fs-sector?utm_medium=rssfinextra&utm_source=finextrafeed
2025-05-07 09:42:59,232 INFO Processing article 2/15 from Finextra
2025-05-07 09:42:59,232 INFO Fetching article: https://www.finextra.com/newsarticle/45940/west-brom-building-society-picks-deloitte-and-10x-for-digital-makeover?utm_medium=rssfinextra&utm_source=finextrafeed
2025-05-07 09:43:01,275 INFO Processing article 3/15 from Finextra
2025-05-07 09:43:01,275 INFO Fetching article: https://www.finextra.com/newsarticle/45939/greenbanana-unveils-bnpl-platform-for-retailers?utm_medium=rssfinextra&utm_source=finextrafeed
2025-05-07 09:43:03,261 INFO Processing article 4/15 from Finextra
2025-05-07 09:43:03,261 INFO Fetching article: https://www.finextra.com/newsarticle/45938/anz-scraps-passwords-for-digital-banking-log-in?utm_medium=rssfinextra&utm_source=finextrafeed
2025-05-07 09:43:05,256 INFO Processing article 5/15 from Finextra
2025-05-07 09:43:05,256 INFO Fetching article: https://www.finextra.com/event-info/550/a-new-era-of-kyc---why-its-time-to-redefine-client-onboarding?utm_medium=rssfinextra&utm_source=finextrafeed
2025-05-07 09:43:07,426 INFO Processing article 6/15 from Finextra
2025-05-07 09:43:07,426 INFO Fetching article: https://www.finextra.com/event-info/551/solving-procurement-challenges-with-embedded-payments?utm_medium=rssfinextra&utm_source=finextrafeed
2025-05-07 09:43:09,373 INFO Processing article 7/15 from Finextra
2025-05-07 09:43:09,373 INFO Fetching article: https://www.finextra.com/event-info/554/weathering-macroeconomic-headwinds-how-should-cfos-invest-in-tech?utm_medium=rssfinextra&utm_source=finextrafeed
2025-05-07 09:43:11,386 INFO Processing article 8/15 from Finextra
2025-05-07 09:43:11,386 INFO Fetching article: https://www.finextra.com/event-info/553/ai-in-the-wrong-hands-exploring-modern-cybersecurity-concerns?utm_medium=rssfinextra&utm_source=finextrafeed
2025-05-07 09:43:13,389 INFO Processing article 9/15 from Finextra
2025-05-07 09:43:13,389 INFO Fetching article: https://www.finextra.com/event-info/559/the-next-fintech-frontier-a-path-to-enhanced-cross-border-solutions-amidst-economic-uncertainty?utm_medium=rssfinextra&utm_source=finextrafeed
2025-05-07 09:43:15,268 INFO Processing article 10/15 from Finextra
2025-05-07 09:43:15,268 INFO Fetching article: https://www.finextra.com/event-info/555/protecting-wealth-tackling-faster-payments-fraud-and-ai-driven-scams?utm_medium=rssfinextra&utm_source=finextrafeed
2025-05-07 09:43:17,254 INFO Processing article 11/15 from Finextra
2025-05-07 09:43:17,254 INFO Fetching article: https://www.finextra.com/event-info/557/paas-cloud-and-instant-payments-in-the-spotlight-overcoming-outsourcing-challenges?utm_medium=rssfinextra&utm_source=finextrafeed
2025-05-07 09:43:19,441 INFO Processing article 12/15 from Finextra
2025-05-07 09:43:19,441 INFO Fetching article: https://www.finextra.com/event-info/556/the-final-countdown-whats-next-for-verification-of-payee?utm_medium=rssfinextra&utm_source=finextrafeed
2025-05-07 09:43:21,286 INFO Processing article 13/15 from Finextra
2025-05-07 09:43:21,286 INFO Fetching article: https://www.finextra.com/event-info/558/why-verticalisation-matters-unlocking-success-through-tailored-smb-propositions-?utm_medium=rssfinextra&utm_source=finextrafeed
2025-05-07 09:43:23,489 INFO Processing article 14/15 from Finextra
2025-05-07 09:43:23,489 INFO Fetching article: https://www.finextra.com/event-info/561/can-you-have-it-all-integrating-new-channels-in-a-new-world-of-payments-?utm_medium=rssfinextra&utm_source=finextrafeed
2025-05-07 09:43:25,287 INFO Processing article 15/15 from Finextra
2025-05-07 09:43:25,287 INFO Fetching article: https://www.finextra.com/event-info/560/payments-modernisation-in-emea--2025-priorities-and-challenges-?utm_medium=rssfinextra&utm_source=finextrafeed
2025-05-07 09:43:27,692 INFO === Source: Barron's (since 2025-05-06T22:42:39.700045+00:00) ===
2025-05-07 09:43:27,692 INFO Parsing RSS for Barron's
2025-05-07 09:43:29,314 INFO Saved 55 articles to /Users/kita/Telegram_News/Telegram_News_Automation/news_system/data/07_05_2025/0942/business_news
2025-05-07 09:43:29,314 INFO Business news scrape complete, found 55 new articles
2025-05-07 09:43:29,314 INFO Business news scrape complete, found 55 new articles
