2025-05-08 20:32:05,086 INFO NewsSystem.Scraper.Entrepreneurship: Logging started. Log file: logs/20250508/203205.log
2025-05-08 20:32:05,087 INFO NewsSystem.Scraper.Entrepreneurship: Starting entrepreneurship news scraper with past_hours=1
2025-05-08 20:32:05,087 INFO NewsSystem.Scraper.Entrepreneurship: Initializing EntrepreneurshipNewsScraper
2025-05-08 20:32:05,087 INFO NewsSystem.Scraper.Entrepreneurship_news: Initialized entrepreneurship_news scraper
2025-05-08 20:32:05,088 INFO NewsSystem.Scraper.Entrepreneurship_news: Loaded tracking data with 206 tracked articles
2025-05-08 20:32:05,088 INFO NewsSystem.Scraper.Entrepreneurship_news: Loaded last run state with 18 sources
2025-05-08 20:32:05,088 INFO NewsSystem.Scraper.Entrepreneurship: Starting entrepreneurship news scrape (past_hours=1)...
2025-05-08 20:32:05,088 INFO NewsSystem.Scraper.Entrepreneurship_news: Starting scrape for entrepreneurship_news (looking back 1 hours)
2025-05-08 20:32:05,088 INFO NewsSystem.Scraper.Entrepreneurship_news: Processing 34 news sources
2025-05-08 20:32:05,088 INFO NewsSystem.Scraper.Entrepreneurship_news: Using last run timestamp for Entrepreneur Magazine: 2025-05-08T12:00:00+00:00
2025-05-08 20:32:05,089 INFO NewsSystem.Scraper.Entrepreneurship_news: === Source: Entrepreneur Magazine (since 2025-05-08T12:00:00+00:00) ===
2025-05-08 20:32:05,089 INFO NewsSystem.Scraper.Entrepreneurship_news: Parsing RSS for Entrepreneur Magazine
2025-05-08 20:32:05,373 INFO NewsSystem.Scraper.Entrepreneurship_news: Found 15 entries in RSS feed for Entrepreneur Magazine
2025-05-08 20:32:05,373 INFO NewsSystem.Scraper.Entrepreneurship_news: No new articles found for Entrepreneur Magazine
2025-05-08 20:32:05,373 INFO NewsSystem.Scraper.Entrepreneurship_news: === Source: Inc. (since 2025-05-08T11:32:05.088534+00:00) ===
2025-05-08 20:32:05,373 INFO NewsSystem.Scraper.Entrepreneurship_news: Parsing RSS for Inc.
2025-05-08 20:32:06,501 WARNING NewsSystem.Scraper.Entrepreneurship_news: No entries found in RSS feed for Inc.
2025-05-08 20:32:06,501 INFO NewsSystem.Scraper.Entrepreneurship_news: No new articles found for Inc.
2025-05-08 20:32:06,501 INFO NewsSystem.Scraper.Entrepreneurship_news: === Source: Y Combinator Blog (since 2025-05-08T11:32:05.088534+00:00) ===
2025-05-08 20:32:06,501 INFO NewsSystem.Scraper.Entrepreneurship_news: Parsing RSS for Y Combinator Blog
2025-05-08 20:32:07,162 INFO NewsSystem.Scraper.Entrepreneurship_news: Found 15 entries in RSS feed for Y Combinator Blog
2025-05-08 20:32:07,162 INFO NewsSystem.Scraper.Entrepreneurship_news: No new articles found for Y Combinator Blog
2025-05-08 20:32:07,162 INFO NewsSystem.Scraper.Entrepreneurship_news: === Source: Foundr (since 2025-05-08T11:32:05.088534+00:00) ===
2025-05-08 20:32:07,162 INFO NewsSystem.Scraper.Entrepreneurship_news: Parsing RSS for Foundr
2025-05-08 20:32:07,691 INFO NewsSystem.Scraper.Entrepreneurship_news: Found 45 entries in RSS feed for Foundr
2025-05-08 20:32:07,691 INFO NewsSystem.Scraper.Entrepreneurship_news: No new articles found for Foundr
2025-05-08 20:32:07,691 INFO NewsSystem.Scraper.Entrepreneurship_news: === Source: Indie Hackers (since 2025-05-08T11:32:05.088534+00:00) ===
2025-05-08 20:32:07,691 INFO NewsSystem.Scraper.Entrepreneurship_news: Parsing RSS for Indie Hackers
2025-05-08 20:32:09,766 WARNING NewsSystem.Scraper.Entrepreneurship_news: No entries found in RSS feed for Indie Hackers
2025-05-08 20:32:09,766 INFO NewsSystem.Scraper.Entrepreneurship_news: No new articles found for Indie Hackers
2025-05-08 20:32:09,766 INFO NewsSystem.Scraper.Entrepreneurship_news: Using last run timestamp for SaaStr: 2025-05-08T09:28:37+00:00
2025-05-08 20:32:09,766 INFO NewsSystem.Scraper.Entrepreneurship_news: === Source: SaaStr (since 2025-05-08T11:32:05.088534+00:00) ===
2025-05-08 20:32:09,766 INFO NewsSystem.Scraper.Entrepreneurship_news: Parsing RSS for SaaStr
2025-05-08 20:32:09,857 INFO NewsSystem.Scraper.Entrepreneurship_news: Found 10 entries in RSS feed for SaaStr
2025-05-08 20:32:09,858 INFO NewsSystem.Scraper.Entrepreneurship_news: No new articles found for SaaStr
2025-05-08 20:32:09,858 INFO NewsSystem.Scraper.Entrepreneurship_news: === Source: A16Z Blog (since 2025-05-08T11:32:05.088534+00:00) ===
2025-05-08 20:32:09,858 INFO NewsSystem.Scraper.Entrepreneurship_news: Parsing RSS for A16Z Blog
2025-05-08 20:32:10,627 WARNING NewsSystem.Scraper.Entrepreneurship_news: No entries found in RSS feed for A16Z Blog
2025-05-08 20:32:10,627 INFO NewsSystem.Scraper.Entrepreneurship_news: No new articles found for A16Z Blog
2025-05-08 20:32:10,627 INFO NewsSystem.Scraper.Entrepreneurship_news: === Source: First Round Review (since 2025-05-08T11:32:05.088534+00:00) ===
2025-05-08 20:32:10,627 INFO NewsSystem.Scraper.Entrepreneurship_news: Parsing RSS for First Round Review
2025-05-08 20:32:10,931 WARNING NewsSystem.Scraper.Entrepreneurship_news: No entries found in RSS feed for First Round Review
2025-05-08 20:32:10,931 INFO NewsSystem.Scraper.Entrepreneurship_news: No new articles found for First Round Review
2025-05-08 20:32:10,931 INFO NewsSystem.Scraper.Entrepreneurship_news: Using last run timestamp for TechCrunch Startups: 2025-05-07T00:00:00+00:00
2025-05-08 20:32:10,931 INFO NewsSystem.Scraper.Entrepreneurship_news: === Source: TechCrunch Startups (since 2025-05-08T11:32:05.088534+00:00) ===
2025-05-08 20:32:10,931 INFO NewsSystem.Scraper.Entrepreneurship_news: Parsing RSS for TechCrunch Startups
2025-05-08 20:32:11,044 INFO NewsSystem.Scraper.Entrepreneurship_news: Found 20 entries in RSS feed for TechCrunch Startups
2025-05-08 20:32:11,044 INFO NewsSystem.Scraper.Entrepreneurship_news: No new articles found for TechCrunch Startups
2025-05-08 20:32:11,044 INFO NewsSystem.Scraper.Entrepreneurship_news: === Source: Entrepreneur Asia Pacific (since 2025-05-08T11:32:05.088534+00:00) ===
2025-05-08 20:32:11,044 INFO NewsSystem.Scraper.Entrepreneurship_news: Parsing RSS for Entrepreneur Asia Pacific
2025-05-08 20:32:11,123 WARNING NewsSystem.Scraper.Entrepreneurship_news: No entries found in RSS feed for Entrepreneur Asia Pacific
2025-05-08 20:32:11,123 INFO NewsSystem.Scraper.Entrepreneurship_news: No new articles found for Entrepreneur Asia Pacific
2025-05-08 20:32:11,123 INFO NewsSystem.Scraper.Entrepreneurship_news: === Source: Neuroleadership Institute (since 2025-05-08T11:32:05.088534+00:00) ===
2025-05-08 20:32:11,123 INFO NewsSystem.Scraper.Entrepreneurship_news: Parsing RSS for Neuroleadership Institute
2025-05-08 20:32:12,430 WARNING NewsSystem.Scraper.Entrepreneurship_news: No entries found in RSS feed for Neuroleadership Institute
2025-05-08 20:32:12,431 INFO NewsSystem.Scraper.Entrepreneurship_news: No new articles found for Neuroleadership Institute
2025-05-08 20:32:12,431 INFO NewsSystem.Scraper.Entrepreneurship_news: === Source: Mindful (since 2025-05-08T11:32:05.088534+00:00) ===
2025-05-08 20:32:12,431 INFO NewsSystem.Scraper.Entrepreneurship_news: Parsing RSS for Mindful
2025-05-08 20:32:13,082 INFO NewsSystem.Scraper.Entrepreneurship_news: Found 10 entries in RSS feed for Mindful
2025-05-08 20:32:13,082 INFO NewsSystem.Scraper.Entrepreneurship_news: No new articles found for Mindful
2025-05-08 20:32:13,082 INFO NewsSystem.Scraper.Entrepreneurship_news: === Source: Brain Pickings (since 2025-05-08T11:32:05.088534+00:00) ===
2025-05-08 20:32:13,082 INFO NewsSystem.Scraper.Entrepreneurship_news: Parsing RSS for Brain Pickings
2025-05-08 20:32:14,890 INFO NewsSystem.Scraper.Entrepreneurship_news: Found 20 entries in RSS feed for Brain Pickings
2025-05-08 20:32:14,890 INFO NewsSystem.Scraper.Entrepreneurship_news: No new articles found for Brain Pickings
2025-05-08 20:32:14,890 INFO NewsSystem.Scraper.Entrepreneurship_news: === Source: Farnam Street (since 2025-05-08T11:32:05.088534+00:00) ===
2025-05-08 20:32:14,890 INFO NewsSystem.Scraper.Entrepreneurship_news: Parsing RSS for Farnam Street
2025-05-08 20:32:15,051 INFO NewsSystem.Scraper.Entrepreneurship_news: Found 20 entries in RSS feed for Farnam Street
2025-05-08 20:32:15,051 INFO NewsSystem.Scraper.Entrepreneurship_news: No new articles found for Farnam Street
2025-05-08 20:32:15,052 INFO NewsSystem.Scraper.Entrepreneurship_news: Using last run timestamp for TechCrunch: 2025-05-08T00:00:00+00:00
2025-05-08 20:32:15,052 INFO NewsSystem.Scraper.Entrepreneurship_news: === Source: TechCrunch (since 2025-05-08T11:32:05.088534+00:00) ===
2025-05-08 20:32:15,052 INFO NewsSystem.Scraper.Entrepreneurship_news: Parsing RSS for TechCrunch
2025-05-08 20:32:15,121 INFO NewsSystem.Scraper.Entrepreneurship_news: Found 20 entries in RSS feed for TechCrunch
2025-05-08 20:32:15,121 INFO NewsSystem.Scraper.Entrepreneurship_news: Skipping already scraped article: https://techcrunch.com/2025/05/08/reddit-intros-new-profile-tools-for-business-customers/
2025-05-08 20:32:15,121 INFO NewsSystem.Scraper.Entrepreneurship_news: Skipping already scraped article: https://techcrunch.com/2025/05/08/asking-chatbots-for-short-answers-can-increase-hallucinations-study-finds/
2025-05-08 20:32:15,121 INFO NewsSystem.Scraper.Entrepreneurship_news: Skipping already scraped article: https://techcrunch.com/2025/05/08/vc-firm-insight-partners-confirms-personal-data-stolen-during-january-hack/
2025-05-08 20:32:15,121 INFO NewsSystem.Scraper.Entrepreneurship_news: No new articles found for TechCrunch
2025-05-08 20:32:15,121 INFO NewsSystem.Scraper.Entrepreneurship_news: Using last run timestamp for VentureBeat: 2025-05-08T12:20:00+00:00
2025-05-08 20:32:15,121 INFO NewsSystem.Scraper.Entrepreneurship_news: === Source: VentureBeat (since 2025-05-08T12:20:00+00:00) ===
2025-05-08 20:32:15,121 INFO NewsSystem.Scraper.Entrepreneurship_news: Parsing RSS for VentureBeat
2025-05-08 20:32:15,214 INFO NewsSystem.Scraper.Entrepreneurship_news: Found 22 entries in RSS feed for VentureBeat
2025-05-08 20:32:15,215 INFO NewsSystem.Scraper.Entrepreneurship_news: No new articles found for VentureBeat
2025-05-08 20:32:15,215 INFO NewsSystem.Scraper.Entrepreneurship_news: Using last run timestamp for MIT Technology Review: 2025-05-08T00:00:00+00:00
2025-05-08 20:32:15,215 INFO NewsSystem.Scraper.Entrepreneurship_news: === Source: MIT Technology Review (since 2025-05-08T11:32:05.088534+00:00) ===
2025-05-08 20:32:15,215 INFO NewsSystem.Scraper.Entrepreneurship_news: Parsing RSS for MIT Technology Review
2025-05-08 20:32:15,331 INFO NewsSystem.Scraper.Entrepreneurship_news: Found 10 entries in RSS feed for MIT Technology Review
2025-05-08 20:32:15,331 INFO NewsSystem.Scraper.Entrepreneurship_news: Skipping already scraped article: https://www.technologyreview.com/2025/05/08/1116202/the-download-ai-benchmarks-and-spains-grid-blackout/
2025-05-08 20:32:15,331 INFO NewsSystem.Scraper.Entrepreneurship_news: No new articles found for MIT Technology Review
2025-05-08 20:32:15,331 INFO NewsSystem.Scraper.Entrepreneurship_news: Using last run timestamp for The Next Web: 2025-05-07T13:40:03+00:00
2025-05-08 20:32:15,331 INFO NewsSystem.Scraper.Entrepreneurship_news: === Source: The Next Web (since 2025-05-08T11:32:05.088534+00:00) ===
2025-05-08 20:32:15,331 INFO NewsSystem.Scraper.Entrepreneurship_news: Parsing RSS for The Next Web
2025-05-08 20:32:16,265 INFO NewsSystem.Scraper.Entrepreneurship_news: Found 10 entries in RSS feed for The Next Web
2025-05-08 20:32:16,266 INFO NewsSystem.Scraper.Entrepreneurship_news: No new articles found for The Next Web
2025-05-08 20:32:16,266 INFO NewsSystem.Scraper.Entrepreneurship_news: Using last run timestamp for Wired: 2025-05-08T12:03:00+00:00
2025-05-08 20:32:16,266 INFO NewsSystem.Scraper.Entrepreneurship_news: === Source: Wired (since 2025-05-08T12:03:00+00:00) ===
2025-05-08 20:32:16,266 INFO NewsSystem.Scraper.Entrepreneurship_news: Parsing RSS for Wired
2025-05-08 20:32:16,399 INFO NewsSystem.Scraper.Entrepreneurship_news: Found 50 entries in RSS feed for Wired
2025-05-08 20:32:16,400 INFO NewsSystem.Scraper.Entrepreneurship_news: No new articles found for Wired
2025-05-08 20:32:16,400 INFO NewsSystem.Scraper.Entrepreneurship_news: Using last run timestamp for The Verge: 2025-05-08T11:47:59+00:00
2025-05-08 20:32:16,400 INFO NewsSystem.Scraper.Entrepreneurship_news: === Source: The Verge (since 2025-05-08T11:47:59+00:00) ===
2025-05-08 20:32:16,400 INFO NewsSystem.Scraper.Entrepreneurship_news: Parsing RSS for The Verge
2025-05-08 20:32:16,488 INFO NewsSystem.Scraper.Entrepreneurship_news: Found 10 entries in RSS feed for The Verge
2025-05-08 20:32:16,488 INFO NewsSystem.Scraper.Entrepreneurship_news: No new articles found for The Verge
2025-05-08 20:32:16,488 INFO NewsSystem.Scraper.Entrepreneurship_news: === Source: Forbes Entrepreneurs (since 2025-05-08T11:32:05.088534+00:00) ===
2025-05-08 20:32:16,488 INFO NewsSystem.Scraper.Entrepreneurship_news: Parsing RSS for Forbes Entrepreneurs
2025-05-08 20:32:17,400 WARNING NewsSystem.Scraper.Entrepreneurship_news: No entries found in RSS feed for Forbes Entrepreneurs
2025-05-08 20:32:17,401 INFO NewsSystem.Scraper.Entrepreneurship_news: No new articles found for Forbes Entrepreneurs
2025-05-08 20:32:17,401 INFO NewsSystem.Scraper.Entrepreneurship_news: === Source: Harvard Business Review (since 2025-05-08T11:32:05.088534+00:00) ===
2025-05-08 20:32:17,401 INFO NewsSystem.Scraper.Entrepreneurship_news: Parsing RSS for Harvard Business Review
2025-05-08 20:32:18,732 WARNING NewsSystem.Scraper.Entrepreneurship_news: No entries found in RSS feed for Harvard Business Review
2025-05-08 20:32:18,732 INFO NewsSystem.Scraper.Entrepreneurship_news: No new articles found for Harvard Business Review
2025-05-08 20:32:18,732 INFO NewsSystem.Scraper.Entrepreneurship_news: === Source: The Hustle (since 2025-05-08T11:32:05.088534+00:00) ===
2025-05-08 20:32:18,732 INFO NewsSystem.Scraper.Entrepreneurship_news: Parsing RSS for The Hustle
2025-05-08 20:32:19,887 WARNING NewsSystem.Scraper.Entrepreneurship_news: No entries found in RSS feed for The Hustle
2025-05-08 20:32:19,887 INFO NewsSystem.Scraper.Entrepreneurship_news: No new articles found for The Hustle
2025-05-08 20:32:19,887 INFO NewsSystem.Scraper.Entrepreneurship_news: === Source: McKinsey Insights (since 2025-05-08T11:32:05.088534+00:00) ===
2025-05-08 20:32:19,887 INFO NewsSystem.Scraper.Entrepreneurship_news: Parsing RSS for McKinsey Insights
2025-05-08 20:32:21,489 INFO NewsSystem.Scraper.Entrepreneurship_news: Found 50 entries in RSS feed for McKinsey Insights
2025-05-08 20:32:21,489 INFO NewsSystem.Scraper.Entrepreneurship_news: No new articles found for McKinsey Insights
2025-05-08 20:32:21,489 INFO NewsSystem.Scraper.Entrepreneurship_news: === Source: Bloomberg Entrepreneurs (since 2025-05-08T11:32:05.088534+00:00) ===
2025-05-08 20:32:21,489 INFO NewsSystem.Scraper.Entrepreneurship_news: Parsing RSS for Bloomberg Entrepreneurs
2025-05-08 20:32:21,509 WARNING NewsSystem.Scraper.Entrepreneurship_news: No entries found in RSS feed for Bloomberg Entrepreneurs
2025-05-08 20:32:21,509 INFO NewsSystem.Scraper.Entrepreneurship_news: No new articles found for Bloomberg Entrepreneurs
2025-05-08 20:32:21,509 INFO NewsSystem.Scraper.Entrepreneurship_news: === Source: Fast Company (since 2025-05-08T11:32:05.088534+00:00) ===
2025-05-08 20:32:21,509 INFO NewsSystem.Scraper.Entrepreneurship_news: Parsing RSS for Fast Company
2025-05-08 20:32:21,603 WARNING NewsSystem.Scraper.Entrepreneurship_news: No entries found in RSS feed for Fast Company
2025-05-08 20:32:21,603 INFO NewsSystem.Scraper.Entrepreneurship_news: No new articles found for Fast Company
2025-05-08 20:32:21,603 INFO NewsSystem.Scraper.Entrepreneurship_news: === Source: Forbes Under 30 (since 2025-05-08T11:32:05.088534+00:00) ===
2025-05-08 20:32:21,603 INFO NewsSystem.Scraper.Entrepreneurship_news: Parsing RSS for Forbes Under 30
2025-05-08 20:32:22,085 WARNING NewsSystem.Scraper.Entrepreneurship_news: No entries found in RSS feed for Forbes Under 30
2025-05-08 20:32:22,085 INFO NewsSystem.Scraper.Entrepreneurship_news: No new articles found for Forbes Under 30
2025-05-08 20:32:22,086 INFO NewsSystem.Scraper.Entrepreneurship_news: Using last run timestamp for Success Magazine: 2025-05-08T12:28:00+00:00
2025-05-08 20:32:22,086 INFO NewsSystem.Scraper.Entrepreneurship_news: === Source: Success Magazine (since 2025-05-08T12:28:00+00:00) ===
2025-05-08 20:32:22,086 INFO NewsSystem.Scraper.Entrepreneurship_news: Parsing RSS for Success Magazine
2025-05-08 20:32:22,579 INFO NewsSystem.Scraper.Entrepreneurship_news: Found 10 entries in RSS feed for Success Magazine
2025-05-08 20:32:22,579 INFO NewsSystem.Scraper.Entrepreneurship_news: No new articles found for Success Magazine
2025-05-08 20:32:22,579 INFO NewsSystem.Scraper.Entrepreneurship_news: Using last run timestamp for Tech Meme: 2025-05-08T12:15:02+00:00
2025-05-08 20:32:22,579 INFO NewsSystem.Scraper.Entrepreneurship_news: === Source: Tech Meme (since 2025-05-08T12:15:02+00:00) ===
2025-05-08 20:32:22,579 INFO NewsSystem.Scraper.Entrepreneurship_news: Parsing RSS for Tech Meme
2025-05-08 20:32:23,664 INFO NewsSystem.Scraper.Entrepreneurship_news: Found 15 entries in RSS feed for Tech Meme
2025-05-08 20:32:23,664 INFO NewsSystem.Scraper.Entrepreneurship_news: No new articles found for Tech Meme
2025-05-08 20:32:23,664 INFO NewsSystem.Scraper.Entrepreneurship_news: === Source: GeekWire (since 2025-05-08T11:32:05.088534+00:00) ===
2025-05-08 20:32:23,664 INFO NewsSystem.Scraper.Entrepreneurship_news: Parsing RSS for GeekWire
2025-05-08 20:32:23,937 INFO NewsSystem.Scraper.Entrepreneurship_news: Found 35 entries in RSS feed for GeekWire
2025-05-08 20:32:23,937 INFO NewsSystem.Scraper.Entrepreneurship_news: No new articles found for GeekWire
2025-05-08 20:32:23,937 INFO NewsSystem.Scraper.Entrepreneurship_news: Using last run timestamp for AI Boom: 2025-05-07T19:05:00+00:00
2025-05-08 20:32:23,937 INFO NewsSystem.Scraper.Entrepreneurship_news: === Source: AI Boom (since 2025-05-08T11:32:05.088534+00:00) ===
2025-05-08 20:32:23,937 INFO NewsSystem.Scraper.Entrepreneurship_news: Parsing RSS for AI Boom
2025-05-08 20:32:25,770 INFO NewsSystem.Scraper.Entrepreneurship_news: Found 10 entries in RSS feed for AI Boom
2025-05-08 20:32:25,770 INFO NewsSystem.Scraper.Entrepreneurship_news: No new articles found for AI Boom
2025-05-08 20:32:25,770 INFO NewsSystem.Scraper.Entrepreneurship_news: === Source: Mashable Startups (since 2025-05-08T11:32:05.088534+00:00) ===
2025-05-08 20:32:25,770 INFO NewsSystem.Scraper.Entrepreneurship_news: Parsing RSS for Mashable Startups
2025-05-08 20:32:25,895 WARNING NewsSystem.Scraper.Entrepreneurship_news: No entries found in RSS feed for Mashable Startups
2025-05-08 20:32:25,896 INFO NewsSystem.Scraper.Entrepreneurship_news: No new articles found for Mashable Startups
2025-05-08 20:32:25,896 INFO NewsSystem.Scraper.Entrepreneurship_news: === Source: Morning Brew (since 2025-05-08T11:32:05.088534+00:00) ===
2025-05-08 20:32:25,896 INFO NewsSystem.Scraper.Entrepreneurship_news: Parsing RSS for Morning Brew
2025-05-08 20:32:26,013 WARNING NewsSystem.Scraper.Entrepreneurship_news: No entries found in RSS feed for Morning Brew
2025-05-08 20:32:26,014 INFO NewsSystem.Scraper.Entrepreneurship_news: No new articles found for Morning Brew
2025-05-08 20:32:26,014 INFO NewsSystem.Scraper.Entrepreneurship_news: Using last run timestamp for Product Hunt Daily: 2025-05-08T03:49:02+00:00
2025-05-08 20:32:26,014 INFO NewsSystem.Scraper.Entrepreneurship_news: === Source: Product Hunt Daily (since 2025-05-08T11:32:05.088534+00:00) ===
2025-05-08 20:32:26,014 INFO NewsSystem.Scraper.Entrepreneurship_news: Parsing RSS for Product Hunt Daily
2025-05-08 20:32:26,613 INFO NewsSystem.Scraper.Entrepreneurship_news: Found 50 entries in RSS feed for Product Hunt Daily
2025-05-08 20:32:26,613 INFO NewsSystem.Scraper.Entrepreneurship_news: No new articles found for Product Hunt Daily
2025-05-08 20:32:26,614 INFO NewsSystem.Scraper.Entrepreneurship_news: Saving state to /Users/kita/Telegram_News/Telegram_News_Automation/news_system/state/entrepreneurship_news_last_run.json
2025-05-08 20:32:26,615 INFO NewsSystem.Scraper.Entrepreneurship_news: Saving tracking data to /Users/kita/Telegram_News/Telegram_News_Automation/news_system/state/entrepreneurship_news_articles_tracking.json
2025-05-08 20:32:26,615 INFO NewsSystem.Scraper.Entrepreneurship_news: No new articles found.
2025-05-08 20:32:26,615 INFO NewsSystem.Scraper.Entrepreneurship: Entrepreneurship news scrape complete, found 0 new articles
2025-05-08 20:32:26,615 INFO NewsSystem.Scraper.Entrepreneurship: Entrepreneurship news scrape found 0 articles
