2025-05-08 20:55:40,922 INFO NewsSystem.Scraper.Lifestyle: Logging started. Log file: logs/20250508/205540.log
2025-05-08 20:55:40,923 INFO NewsSystem.Scraper.Lifestyle: Starting lifestyle news scraper with past_hours=72
2025-05-08 20:55:40,923 INFO NewsSystem.Scraper.Lifestyle: Initializing LifestyleNewsScraper
2025-05-08 20:55:40,923 INFO NewsSystem.Scraper.Manual_news_system: Initialized manual_news_system scraper
2025-05-08 20:55:40,924 INFO NewsSystem.Scraper.Manual_news_system: Loaded tracking data with 7 tracked articles
2025-05-08 20:55:40,924 INFO NewsSystem.Scraper.Manual_news_system: Loaded last run state with 2 sources
2025-05-08 20:55:40,924 INFO NewsSystem.Scraper.Lifestyle: Starting lifestyle news scrape (past_hours=72)
2025-05-08 20:55:40,924 INFO NewsSystem.Scraper.Manual_news_system: Starting scrape for manual_news_system (looking back 72 hours)
2025-05-08 20:55:40,924 INFO NewsSystem.Scraper.Manual_news_system: Processing 10 news sources
2025-05-08 20:55:40,924 INFO NewsSystem.Scraper.Manual_news_system: === Source: Mayo Clinic (since 2025-05-05T12:55:40.924323+00:00) ===
2025-05-08 20:55:40,924 INFO NewsSystem.Scraper.Manual_news_system: Parsing RSS for Mayo Clinic
2025-05-08 20:55:42,132 WARNING NewsSystem.Scraper.Manual_news_system: No entries found in RSS feed for Mayo Clinic
2025-05-08 20:55:42,132 INFO NewsSystem.Scraper.Manual_news_system: No new articles found for Mayo Clinic
2025-05-08 20:55:42,132 INFO NewsSystem.Scraper.Manual_news_system: === Source: Harvard Health Blog (since 2025-05-05T12:55:40.924323+00:00) ===
2025-05-08 20:55:42,132 INFO NewsSystem.Scraper.Manual_news_system: Parsing RSS for Harvard Health Blog
2025-05-08 20:55:43,996 WARNING NewsSystem.Scraper.Manual_news_system: No entries found in RSS feed for Harvard Health Blog
2025-05-08 20:55:43,996 INFO NewsSystem.Scraper.Manual_news_system: No new articles found for Harvard Health Blog
2025-05-08 20:55:43,997 INFO NewsSystem.Scraper.Manual_news_system: === Source: Well+Good (since 2025-05-05T12:55:40.924323+00:00) ===
2025-05-08 20:55:43,997 INFO NewsSystem.Scraper.Manual_news_system: Parsing RSS for Well+Good
2025-05-08 20:55:44,276 WARNING NewsSystem.Scraper.Manual_news_system: No entries found in RSS feed for Well+Good
2025-05-08 20:55:44,277 INFO NewsSystem.Scraper.Manual_news_system: No new articles found for Well+Good
2025-05-08 20:55:44,277 INFO NewsSystem.Scraper.Manual_news_system: === Source: Scientific American (since 2025-05-05T12:55:40.924323+00:00) ===
2025-05-08 20:55:44,277 INFO NewsSystem.Scraper.Manual_news_system: Parsing RSS for Scientific American
2025-05-08 20:55:44,338 WARNING NewsSystem.Scraper.Manual_news_system: No entries found in RSS feed for Scientific American
2025-05-08 20:55:44,338 INFO NewsSystem.Scraper.Manual_news_system: No new articles found for Scientific American
2025-05-08 20:55:44,338 INFO NewsSystem.Scraper.Manual_news_system: === Source: Science Daily (since 2025-05-05T12:55:40.924323+00:00) ===
2025-05-08 20:55:44,338 INFO NewsSystem.Scraper.Manual_news_system: Parsing RSS for Science Daily
2025-05-08 20:55:44,399 WARNING NewsSystem.Scraper.Manual_news_system: No entries found in RSS feed for Science Daily
2025-05-08 20:55:44,400 INFO NewsSystem.Scraper.Manual_news_system: No new articles found for Science Daily
2025-05-08 20:55:44,400 INFO NewsSystem.Scraper.Manual_news_system: === Source: IFLScience (since 2025-05-05T12:55:40.924323+00:00) ===
2025-05-08 20:55:44,400 INFO NewsSystem.Scraper.Manual_news_system: Parsing RSS for IFLScience
2025-05-08 20:55:45,242 WARNING NewsSystem.Scraper.Manual_news_system: No entries found in RSS feed for IFLScience
2025-05-08 20:55:45,242 INFO NewsSystem.Scraper.Manual_news_system: No new articles found for IFLScience
2025-05-08 20:55:45,242 INFO NewsSystem.Scraper.Manual_news_system: === Source: Zen Habits (since 2025-05-05T12:55:40.924323+00:00) ===
2025-05-08 20:55:45,242 INFO NewsSystem.Scraper.Manual_news_system: Parsing RSS for Zen Habits
2025-05-08 20:55:45,394 WARNING NewsSystem.Scraper.Manual_news_system: No entries found in RSS feed for Zen Habits
2025-05-08 20:55:45,394 INFO NewsSystem.Scraper.Manual_news_system: No new articles found for Zen Habits
2025-05-08 20:55:45,395 INFO NewsSystem.Scraper.Manual_news_system: === Source: James Clear (since 2025-05-05T12:55:40.924323+00:00) ===
2025-05-08 20:55:45,395 INFO NewsSystem.Scraper.Manual_news_system: Parsing RSS for James Clear
2025-05-08 20:55:46,694 INFO NewsSystem.Scraper.Manual_news_system: Found 10 entries in RSS feed for James Clear
2025-05-08 20:55:46,694 INFO NewsSystem.Scraper.Manual_news_system: No new articles found for James Clear
2025-05-08 20:55:46,694 INFO NewsSystem.Scraper.Manual_news_system: Using last run timestamp for Lifehacker: 2025-05-08T12:00:00+00:00
2025-05-08 20:55:46,694 INFO NewsSystem.Scraper.Manual_news_system: === Source: Lifehacker (since 2025-05-08T12:00:00+00:00) ===
2025-05-08 20:55:46,694 INFO NewsSystem.Scraper.Manual_news_system: Parsing RSS for Lifehacker
2025-05-08 20:55:47,264 INFO NewsSystem.Scraper.Manual_news_system: Found 100 entries in RSS feed for Lifehacker
2025-05-08 20:55:47,265 INFO NewsSystem.Scraper.Manual_news_system: No new articles found for Lifehacker
2025-05-08 20:55:47,265 INFO NewsSystem.Scraper.Manual_news_system: Using last run timestamp for The Onion: 2025-05-07T20:21:35+00:00
2025-05-08 20:55:47,265 INFO NewsSystem.Scraper.Manual_news_system: === Source: The Onion (since 2025-05-07T20:21:35+00:00) ===
2025-05-08 20:55:47,265 INFO NewsSystem.Scraper.Manual_news_system: Parsing RSS for The Onion
2025-05-08 20:55:47,369 INFO NewsSystem.Scraper.Manual_news_system: Found 12 entries in RSS feed for The Onion
2025-05-08 20:55:47,369 INFO NewsSystem.Scraper.Manual_news_system: No new articles found for The Onion
2025-05-08 20:55:47,369 INFO NewsSystem.Scraper.Manual_news_system: Saving state to /Users/kita/Telegram_News/Telegram_News_Automation/news_system/state/manual_news_system_last_run.json
2025-05-08 20:55:47,369 INFO NewsSystem.Scraper.Manual_news_system: Saving tracking data to /Users/kita/Telegram_News/Telegram_News_Automation/news_system/state/manual_news_system_articles_tracking.json
2025-05-08 20:55:47,370 INFO NewsSystem.Scraper.Manual_news_system: No new articles found.
2025-05-08 20:55:47,370 INFO NewsSystem.Scraper.Lifestyle: Lifestyle news scrape complete, found 0 new articles
2025-05-08 20:55:47,370 INFO NewsSystem.Scraper.Lifestyle: Lifestyle news scrape found 0 articles
