2025-05-08 20:55:14,700 INFO NewsSystem.Scraper.Lifestyle: Logging started. Log file: logs/20250508/205514.log
2025-05-08 20:55:14,701 INFO NewsSystem.Scraper.Lifestyle: Starting lifestyle news scraper with past_hours=24
2025-05-08 20:55:14,701 INFO NewsSystem.Scraper.Lifestyle: Initializing LifestyleNewsScraper
2025-05-08 20:55:14,701 INFO NewsSystem.Scraper.Manual_news_system: Initialized manual_news_system scraper
2025-05-08 20:55:14,702 INFO NewsSystem.Scraper.Manual_news_system: Loaded tracking data with 1 tracked articles
2025-05-08 20:55:14,702 INFO NewsSystem.Scraper.Manual_news_system: Loaded last run state with 1 sources
2025-05-08 20:55:14,702 INFO NewsSystem.Scraper.Lifestyle: Starting lifestyle news scrape (past_hours=24)
2025-05-08 20:55:14,702 INFO NewsSystem.Scraper.Manual_news_system: Starting scrape for manual_news_system (looking back 24 hours)
2025-05-08 20:55:14,702 INFO NewsSystem.Scraper.Manual_news_system: Processing 10 news sources
2025-05-08 20:55:14,702 INFO NewsSystem.Scraper.Manual_news_system: === Source: Mayo Clinic (since 2025-05-07T12:55:14.702472+00:00) ===
2025-05-08 20:55:14,702 INFO NewsSystem.Scraper.Manual_news_system: Parsing RSS for Mayo Clinic
2025-05-08 20:55:15,977 WARNING NewsSystem.Scraper.Manual_news_system: No entries found in RSS feed for Mayo Clinic
2025-05-08 20:55:15,977 INFO NewsSystem.Scraper.Manual_news_system: No new articles found for Mayo Clinic
2025-05-08 20:55:15,977 INFO NewsSystem.Scraper.Manual_news_system: === Source: Harvard Health Blog (since 2025-05-07T12:55:14.702472+00:00) ===
2025-05-08 20:55:15,977 INFO NewsSystem.Scraper.Manual_news_system: Parsing RSS for Harvard Health Blog
2025-05-08 20:55:17,791 WARNING NewsSystem.Scraper.Manual_news_system: No entries found in RSS feed for Harvard Health Blog
2025-05-08 20:55:17,791 INFO NewsSystem.Scraper.Manual_news_system: No new articles found for Harvard Health Blog
2025-05-08 20:55:17,792 INFO NewsSystem.Scraper.Manual_news_system: === Source: Well+Good (since 2025-05-07T12:55:14.702472+00:00) ===
2025-05-08 20:55:17,792 INFO NewsSystem.Scraper.Manual_news_system: Parsing RSS for Well+Good
2025-05-08 20:55:18,019 WARNING NewsSystem.Scraper.Manual_news_system: No entries found in RSS feed for Well+Good
2025-05-08 20:55:18,020 INFO NewsSystem.Scraper.Manual_news_system: No new articles found for Well+Good
2025-05-08 20:55:18,020 INFO NewsSystem.Scraper.Manual_news_system: === Source: Scientific American (since 2025-05-07T12:55:14.702472+00:00) ===
2025-05-08 20:55:18,020 INFO NewsSystem.Scraper.Manual_news_system: Parsing RSS for Scientific American
2025-05-08 20:55:18,502 WARNING NewsSystem.Scraper.Manual_news_system: No entries found in RSS feed for Scientific American
2025-05-08 20:55:18,502 INFO NewsSystem.Scraper.Manual_news_system: No new articles found for Scientific American
2025-05-08 20:55:18,502 INFO NewsSystem.Scraper.Manual_news_system: === Source: Science Daily (since 2025-05-07T12:55:14.702472+00:00) ===
2025-05-08 20:55:18,502 INFO NewsSystem.Scraper.Manual_news_system: Parsing RSS for Science Daily
2025-05-08 20:55:18,561 WARNING NewsSystem.Scraper.Manual_news_system: No entries found in RSS feed for Science Daily
2025-05-08 20:55:18,561 INFO NewsSystem.Scraper.Manual_news_system: No new articles found for Science Daily
2025-05-08 20:55:18,561 INFO NewsSystem.Scraper.Manual_news_system: === Source: IFLScience (since 2025-05-07T12:55:14.702472+00:00) ===
2025-05-08 20:55:18,561 INFO NewsSystem.Scraper.Manual_news_system: Parsing RSS for IFLScience
2025-05-08 20:55:20,751 WARNING NewsSystem.Scraper.Manual_news_system: No entries found in RSS feed for IFLScience
2025-05-08 20:55:20,751 INFO NewsSystem.Scraper.Manual_news_system: No new articles found for IFLScience
2025-05-08 20:55:20,751 INFO NewsSystem.Scraper.Manual_news_system: === Source: Zen Habits (since 2025-05-07T12:55:14.702472+00:00) ===
2025-05-08 20:55:20,751 INFO NewsSystem.Scraper.Manual_news_system: Parsing RSS for Zen Habits
2025-05-08 20:55:20,898 WARNING NewsSystem.Scraper.Manual_news_system: No entries found in RSS feed for Zen Habits
2025-05-08 20:55:20,898 INFO NewsSystem.Scraper.Manual_news_system: No new articles found for Zen Habits
2025-05-08 20:55:20,898 INFO NewsSystem.Scraper.Manual_news_system: === Source: James Clear (since 2025-05-07T12:55:14.702472+00:00) ===
2025-05-08 20:55:20,898 INFO NewsSystem.Scraper.Manual_news_system: Parsing RSS for James Clear
2025-05-08 20:55:21,071 INFO NewsSystem.Scraper.Manual_news_system: Found 10 entries in RSS feed for James Clear
2025-05-08 20:55:21,071 INFO NewsSystem.Scraper.Manual_news_system: No new articles found for James Clear
2025-05-08 20:55:21,071 INFO NewsSystem.Scraper.Manual_news_system: Using last run timestamp for Lifehacker: 2025-05-08T12:00:00+00:00
2025-05-08 20:55:21,071 INFO NewsSystem.Scraper.Manual_news_system: === Source: Lifehacker (since 2025-05-08T12:00:00+00:00) ===
2025-05-08 20:55:21,071 INFO NewsSystem.Scraper.Manual_news_system: Parsing RSS for Lifehacker
2025-05-08 20:55:21,477 INFO NewsSystem.Scraper.Manual_news_system: Found 100 entries in RSS feed for Lifehacker
2025-05-08 20:55:21,478 INFO NewsSystem.Scraper.Manual_news_system: No new articles found for Lifehacker
2025-05-08 20:55:21,478 INFO NewsSystem.Scraper.Manual_news_system: === Source: The Onion (since 2025-05-07T12:55:14.702472+00:00) ===
2025-05-08 20:55:21,478 INFO NewsSystem.Scraper.Manual_news_system: Parsing RSS for The Onion
2025-05-08 20:55:21,601 INFO NewsSystem.Scraper.Manual_news_system: Found 12 entries in RSS feed for The Onion
2025-05-08 20:55:21,602 INFO NewsSystem.Scraper.Manual_news_system: New article found: Trump Offers Undocumented Immigrants $1,000 To Leave Country
2025-05-08 20:55:21,604 INFO NewsSystem.Scraper.Manual_news_system: New article found: Trump Orders Reopening Of Alcatraz
2025-05-08 20:55:21,604 INFO NewsSystem.Scraper.Manual_news_system: New article found: Sin’N’Out
2025-05-08 20:55:21,604 INFO NewsSystem.Scraper.Manual_news_system: New article found: Teacher Can Tell Child With Spiky Hair, Sunglasses Comes From A Rad Home
2025-05-08 20:55:21,604 INFO NewsSystem.Scraper.Manual_news_system: New article found: National Endowment For The Arts Lays Off 30,000 Muses
2025-05-08 20:55:21,604 INFO NewsSystem.Scraper.Manual_news_system: New article found: Trump Absent-Mindedly Snacks On Constitution
2025-05-08 20:55:21,604 INFO NewsSystem.Scraper.Manual_news_system: Found 6 new articles from The Onion
2025-05-08 20:55:21,604 INFO NewsSystem.Scraper.Manual_news_system: Processing article 1/6 from The Onion
2025-05-08 20:55:21,604 INFO NewsSystem.Scraper.Manual_news_system: Fetching article: https://theonion.com/trump-offers-undocumented-immigrants-1000-to-leave-country/
2025-05-08 20:55:23,506 INFO NewsSystem.Scraper.Manual_news_system: Processing article 2/6 from The Onion
2025-05-08 20:55:23,506 INFO NewsSystem.Scraper.Manual_news_system: Fetching article: https://theonion.com/trump-orders-reopening-of-alcatraz/
2025-05-08 20:55:24,475 INFO NewsSystem.Scraper.Manual_news_system: Processing article 3/6 from The Onion
2025-05-08 20:55:24,475 INFO NewsSystem.Scraper.Manual_news_system: Fetching article: https://theonion.com/sinnout/
2025-05-08 20:55:26,501 INFO NewsSystem.Scraper.Manual_news_system: Processing article 4/6 from The Onion
2025-05-08 20:55:26,501 INFO NewsSystem.Scraper.Manual_news_system: Fetching article: https://theonion.com/teacher-can-tell-child-with-spiky-hair-sunglasses-comes-from-a-rad-home/
2025-05-08 20:55:28,487 INFO NewsSystem.Scraper.Manual_news_system: Processing article 5/6 from The Onion
2025-05-08 20:55:28,487 INFO NewsSystem.Scraper.Manual_news_system: Fetching article: https://theonion.com/national-endowment-for-the-arts-lays-off-30000-muses/
2025-05-08 20:55:30,650 INFO NewsSystem.Scraper.Manual_news_system: Processing article 6/6 from The Onion
2025-05-08 20:55:30,651 INFO NewsSystem.Scraper.Manual_news_system: Fetching article: https://theonion.com/trump-absent-mindedly-snacks-on-constitution/
2025-05-08 20:55:32,431 INFO NewsSystem.Scraper.Manual_news_system: Updated last run timestamp for The Onion to 2025-05-07T20:21:35+00:00
2025-05-08 20:55:32,431 INFO NewsSystem.Scraper.Manual_news_system: Saving state to /Users/kita/Telegram_News/Telegram_News_Automation/news_system/state/manual_news_system_last_run.json
2025-05-08 20:55:32,432 INFO NewsSystem.Scraper.Manual_news_system: Saving tracking data to /Users/kita/Telegram_News/Telegram_News_Automation/news_system/state/manual_news_system_articles_tracking.json
2025-05-08 20:55:32,433 INFO NewsSystem.Scraper.Manual_news_system: Saved 6 articles to /Users/kita/Telegram_News/Telegram_News_Automation/news_system/data/08_05_2025/2055/manual_news_system
2025-05-08 20:55:32,433 INFO NewsSystem.Scraper.Lifestyle: Lifestyle news scrape complete, found 6 new articles
2025-05-08 20:55:32,433 INFO NewsSystem.Scraper.Lifestyle: Lifestyle news scrape found 6 articles
