2025-05-07 09:50:52,785 INFO Logging started. Log file: logs/20250507/095052.log
2025-05-07 09:50:53,001 INFO Starting news scrape (past_hours=3)...
2025-05-07 09:50:53,001 INFO Starting tech news scrape
2025-05-07 09:50:53,001 INFO === Source: TechCrunch (since 2025-05-06T22:50:53.001701+00:00) ===
2025-05-07 09:50:53,002 INFO Parsing RSS for TechCrunch
2025-05-07 09:50:53,983 INFO === Source: The Verge (since 2025-05-06T23:28:13+00:00) ===
2025-05-07 09:50:53,983 INFO Parsing RSS for The Verge
2025-05-07 09:50:54,145 INFO === Source: Wired (since 2025-05-06T22:50:53.001701+00:00) ===
2025-05-07 09:50:54,146 INFO Parsing RSS for Wired
2025-05-07 09:50:54,255 INFO === Source: Ars Technica (since 2025-05-06T22:50:53.001701+00:00) ===
2025-05-07 09:50:54,255 INFO Parsing RSS for Ars Technica
2025-05-07 09:50:54,362 INFO Skipping already scraped article: https://arstechnica.com/security/2025/05/jury-orders-nso-to-pay-167-million-for-hacking-whatsapp-users/
2025-05-07 09:50:54,363 INFO === Source: Hacker News (since 2025-05-07T00:00:00+00:00) ===
2025-05-07 09:50:54,363 INFO Parsing RSS for Hacker News
2025-05-07 09:50:55,232 INFO Skipping already scraped article: https://vale.rocks/posts/creativity-came-to-pass
2025-05-07 09:50:55,232 INFO Skipping already scraped article: https://arstechnica.com/security/2025/05/jury-orders-nso-to-pay-167-million-for-hacking-whatsapp-users/
2025-05-07 09:50:55,232 INFO === Source: MIT Technology Review (since 2025-05-06T22:50:53.001701+00:00) ===
2025-05-07 09:50:55,232 INFO Parsing RSS for MIT Technology Review
2025-05-07 09:50:56,424 INFO === Source: ZDNet (since 2025-05-06T22:50:53.001701+00:00) ===
2025-05-07 09:50:56,424 INFO Parsing RSS for ZDNet
2025-05-07 09:50:56,712 INFO === Source: Mashable Tech (since 2025-05-06T22:50:53.001701+00:00) ===
2025-05-07 09:50:56,712 INFO Parsing RSS for Mashable Tech
2025-05-07 09:50:58,271 INFO === Source: Engadget (since 2025-05-06T22:50:53.001701+00:00) ===
2025-05-07 09:50:58,271 INFO Parsing RSS for Engadget
2025-05-07 09:51:01,541 INFO === Source: The Next Web (since 2025-05-06T22:50:53.001701+00:00) ===
2025-05-07 09:51:01,541 INFO Parsing RSS for The Next Web
2025-05-07 09:51:02,307 INFO === Source: ReadWrite (since 2025-05-06T22:50:53.001701+00:00) ===
2025-05-07 09:51:02,307 INFO Parsing RSS for ReadWrite
2025-05-07 09:51:02,518 INFO === Source: Slashdot (since 2025-05-06T22:50:53.001701+00:00) ===
2025-05-07 09:51:02,518 INFO Parsing RSS for Slashdot
2025-05-07 09:51:02,679 INFO === Source: VentureBeat (since 2025-05-07T00:00:00+00:00) ===
2025-05-07 09:51:02,679 INFO Parsing RSS for VentureBeat
2025-05-07 09:51:03,829 INFO === Source: TechRadar (since 2025-05-07T00:00:00+00:00) ===
2025-05-07 09:51:03,829 INFO Parsing RSS for TechRadar
2025-05-07 09:51:04,057 INFO === Source: Gizmodo (since 2025-05-06T22:50:53.001701+00:00) ===
2025-05-07 09:51:04,057 INFO Parsing RSS for Gizmodo
2025-05-07 09:51:05,722 INFO === Source: CNET (since 2025-05-06T23:26:00+00:00) ===
2025-05-07 09:51:05,722 INFO Parsing RSS for CNET
2025-05-07 09:51:06,011 INFO === Source: Bleeping Computer (since 2025-05-06T22:50:53.001701+00:00) ===
2025-05-07 09:51:06,011 INFO Parsing RSS for Bleeping Computer
2025-05-07 09:51:06,118 INFO === Source: Tech Republic (since 2025-05-06T22:50:53.001701+00:00) ===
2025-05-07 09:51:06,118 INFO Parsing RSS for Tech Republic
2025-05-07 09:51:06,263 INFO === Source: Digital Trends (since 2025-05-06T18:00:00-07:00) ===
2025-05-07 09:51:06,263 INFO Parsing RSS for Digital Trends
2025-05-07 09:51:06,346 INFO === Source: Hackaday (since 2025-05-06T22:50:53.001701+00:00) ===
2025-05-07 09:51:06,346 INFO Parsing RSS for Hackaday
2025-05-07 09:51:06,431 INFO Skipping already scraped article: https://hackaday.com/2025/05/06/five-oddest-op-amp-applications/
2025-05-07 09:51:06,431 INFO No new articles found.
2025-05-07 09:51:06,432 INFO Tech news scrape complete, found 0 new articles
2025-05-07 09:51:06,432 INFO Tech news scrape complete, found 0 new articles
2025-05-07 09:51:06,432 INFO Starting business news scrape
2025-05-07 09:51:06,432 INFO === Source: Forbes (since 2025-05-07T00:33:21+00:00) ===
2025-05-07 09:51:06,432 INFO Parsing RSS for Forbes
2025-05-07 09:51:06,622 INFO === Source: Business Insider (since 2025-05-06T23:29:18+00:00) ===
2025-05-07 09:51:06,622 INFO Parsing RSS for Business Insider
2025-05-07 09:51:07,828 INFO === Source: Entrepreneur Magazine (since 2025-05-06T22:51:06.432133+00:00) ===
2025-05-07 09:51:07,828 INFO Parsing RSS for Entrepreneur Magazine
2025-05-07 09:51:07,878 INFO === Source: Inc. (since 2025-05-06T22:51:06.432133+00:00) ===
2025-05-07 09:51:07,879 INFO Parsing RSS for Inc.
2025-05-07 09:51:08,971 INFO === Source: Harvard Business Review (since 2025-05-06T22:51:06.432133+00:00) ===
2025-05-07 09:51:08,972 INFO Parsing RSS for Harvard Business Review
2025-05-07 09:51:10,202 INFO === Source: Reuters Business (since 2025-05-06T22:51:06.432133+00:00) ===
2025-05-07 09:51:10,202 INFO Parsing RSS for Reuters Business
2025-05-07 09:51:10,238 INFO === Source: CNBC (since 2025-05-06T22:51:06.432133+00:00) ===
2025-05-07 09:51:10,238 INFO Parsing RSS for CNBC
2025-05-07 09:51:10,572 INFO === Source: Financial Times (since 2025-05-07T00:31:00+00:00) ===
2025-05-07 09:51:10,573 INFO Parsing RSS for Financial Times
2025-05-07 09:51:11,951 INFO === Source: The Economist (since 2025-05-06T22:51:06.432133+00:00) ===
2025-05-07 09:51:11,952 INFO Parsing RSS for The Economist
2025-05-07 09:51:12,213 INFO === Source: Wall Street Journal (since 2025-05-06T22:51:06.432133+00:00) ===
2025-05-07 09:51:12,213 INFO Parsing RSS for Wall Street Journal
2025-05-07 09:51:12,805 INFO === Source: Fortune (since 2025-05-06T22:51:06.432133+00:00) ===
2025-05-07 09:51:12,805 INFO Parsing RSS for Fortune
2025-05-07 09:51:13,723 INFO Skipping already scraped article: https://fortune.com/2025/05/06/lyft-ceo-boomer-economy-silver/
2025-05-07 09:51:13,723 INFO === Source: The Hustle (since 2025-05-06T22:51:06.432133+00:00) ===
2025-05-07 09:51:13,723 INFO Parsing RSS for The Hustle
2025-05-07 09:51:14,687 INFO === Source: Quartz (since 2025-05-06T22:51:06.432133+00:00) ===
2025-05-07 09:51:14,687 INFO Parsing RSS for Quartz
2025-05-07 09:51:15,700 INFO === Source: Yahoo Finance (since 2025-05-06T22:51:06.432133+00:00) ===
2025-05-07 09:51:15,700 INFO Parsing RSS for Yahoo Finance
2025-05-07 09:51:15,843 INFO === Source: McKinsey Insights (since 2025-05-06T22:51:06.432133+00:00) ===
2025-05-07 09:51:15,843 INFO Parsing RSS for McKinsey Insights
2025-05-07 09:51:16,567 INFO === Source: Moz Blog (since 2025-05-06T22:51:06.432133+00:00) ===
2025-05-07 09:51:16,567 INFO Parsing RSS for Moz Blog
2025-05-07 09:51:18,713 INFO === Source: Finextra (since 2025-05-07T00:01:00+00:00) ===
2025-05-07 09:51:18,713 INFO Parsing RSS for Finextra
2025-05-07 09:51:19,746 INFO Skipping already scraped article: https://www.finextra.com/event-info/550/a-new-era-of-kyc---why-its-time-to-redefine-client-onboarding?utm_medium=rssfinextra&utm_source=finextrafeed
2025-05-07 09:51:19,746 INFO Skipping already scraped article: https://www.finextra.com/event-info/551/solving-procurement-challenges-with-embedded-payments?utm_medium=rssfinextra&utm_source=finextrafeed
2025-05-07 09:51:19,746 INFO Skipping already scraped article: https://www.finextra.com/event-info/554/weathering-macroeconomic-headwinds-how-should-cfos-invest-in-tech?utm_medium=rssfinextra&utm_source=finextrafeed
2025-05-07 09:51:19,746 INFO Skipping already scraped article: https://www.finextra.com/event-info/553/ai-in-the-wrong-hands-exploring-modern-cybersecurity-concerns?utm_medium=rssfinextra&utm_source=finextrafeed
2025-05-07 09:51:19,746 INFO Skipping already scraped article: https://www.finextra.com/event-info/559/the-next-fintech-frontier-a-path-to-enhanced-cross-border-solutions-amidst-economic-uncertainty?utm_medium=rssfinextra&utm_source=finextrafeed
2025-05-07 09:51:19,746 INFO Skipping already scraped article: https://www.finextra.com/event-info/555/protecting-wealth-tackling-faster-payments-fraud-and-ai-driven-scams?utm_medium=rssfinextra&utm_source=finextrafeed
2025-05-07 09:51:19,746 INFO Skipping already scraped article: https://www.finextra.com/event-info/557/paas-cloud-and-instant-payments-in-the-spotlight-overcoming-outsourcing-challenges?utm_medium=rssfinextra&utm_source=finextrafeed
2025-05-07 09:51:19,747 INFO Skipping already scraped article: https://www.finextra.com/event-info/556/the-final-countdown-whats-next-for-verification-of-payee?utm_medium=rssfinextra&utm_source=finextrafeed
2025-05-07 09:51:19,747 INFO Skipping already scraped article: https://www.finextra.com/event-info/558/why-verticalisation-matters-unlocking-success-through-tailored-smb-propositions-?utm_medium=rssfinextra&utm_source=finextrafeed
2025-05-07 09:51:19,747 INFO Skipping already scraped article: https://www.finextra.com/event-info/561/can-you-have-it-all-integrating-new-channels-in-a-new-world-of-payments-?utm_medium=rssfinextra&utm_source=finextrafeed
2025-05-07 09:51:19,747 INFO Skipping already scraped article: https://www.finextra.com/event-info/560/payments-modernisation-in-emea--2025-priorities-and-challenges-?utm_medium=rssfinextra&utm_source=finextrafeed
2025-05-07 09:51:19,747 INFO === Source: Banking Dive (since 2025-05-06T22:51:06.432133+00:00) ===
2025-05-07 09:51:19,747 INFO Parsing RSS for Banking Dive
2025-05-07 09:51:20,482 INFO === Source: Payments Dive (since 2025-05-06T22:51:06.432133+00:00) ===
2025-05-07 09:51:20,482 INFO Parsing RSS for Payments Dive
2025-05-07 09:51:21,069 INFO === Source: The Financial Brand (since 2025-05-06T22:51:06.432133+00:00) ===
2025-05-07 09:51:21,069 INFO Parsing RSS for The Financial Brand
2025-05-07 09:51:23,689 INFO No new articles found.
2025-05-07 09:51:23,689 INFO Business news scrape complete, found 0 new articles
2025-05-07 09:51:23,689 INFO Business news scrape complete, found 0 new articles
