2025-05-07 14:26:27,714 INFO Logging started. Log file: logs/20250507/142627.log
2025-05-07 14:26:27,980 INFO Starting news scrape (past_hours=3)...
2025-05-07 14:26:27,980 INFO Starting tech news scrape
2025-05-07 14:26:27,980 INFO === Source: TechCrunch (since 2025-05-07T03:26:27.980247+00:00) ===
2025-05-07 14:26:27,980 INFO Parsing RSS for TechCrunch
2025-05-07 14:26:29,524 INFO Processing article 1/1 from TechCrunch
2025-05-07 14:26:29,524 INFO Fetching article: https://techcrunch.com/2025/05/06/amid-greek-tech-boom-a-prominent-seed-stage-firm-locks-down-e75-million/
2025-05-07 14:26:32,781 INFO === Source: The Verge (since 2025-05-07T03:26:27.980247+00:00) ===
2025-05-07 14:26:32,781 INFO Parsing RSS for The Verge
2025-05-07 14:26:32,988 INFO === Source: Wired (since 2025-05-07T03:26:27.980247+00:00) ===
2025-05-07 14:26:32,988 INFO Parsing RSS for Wired
2025-05-07 14:26:33,119 INFO === Source: Ars Technica (since 2025-05-07T03:26:27.980247+00:00) ===
2025-05-07 14:26:33,119 INFO Parsing RSS for Ars Technica
2025-05-07 14:26:33,264 INFO === Source: Hacker News (since 2025-05-07T03:26:27.980247+00:00) ===
2025-05-07 14:26:33,265 INFO Parsing RSS for Hacker News
2025-05-07 14:26:34,172 INFO === Source: MIT Technology Review (since 2025-05-07T03:26:27.980247+00:00) ===
2025-05-07 14:26:34,172 INFO Parsing RSS for MIT Technology Review
2025-05-07 14:26:34,322 INFO === Source: ZDNet (since 2025-05-07T03:26:27.980247+00:00) ===
2025-05-07 14:26:34,322 INFO Parsing RSS for ZDNet
2025-05-07 14:26:34,644 INFO === Source: Mashable Tech (since 2025-05-07T03:26:27.980247+00:00) ===
2025-05-07 14:26:34,644 INFO Parsing RSS for Mashable Tech
2025-05-07 14:26:37,224 INFO Processing article 1/1 from Mashable Tech
2025-05-07 14:26:37,225 INFO Fetching article: https://mashable.com/uk/deals/may-7-swiftscan
2025-05-07 14:26:37,267 WARNING Robots.txt disallows: https://mashable.com/uk/deals/may-7-swiftscan
2025-05-07 14:26:37,267 WARNING Disallowed by robots.txt: https://mashable.com/uk/deals/may-7-swiftscan
2025-05-07 14:26:37,267 INFO === Source: Engadget (since 2025-05-07T03:26:27.980247+00:00) ===
2025-05-07 14:26:37,267 INFO Parsing RSS for Engadget
2025-05-07 14:26:39,455 INFO === Source: The Next Web (since 2025-05-07T03:26:27.980247+00:00) ===
2025-05-07 14:26:39,455 INFO Parsing RSS for The Next Web
2025-05-07 14:26:40,281 INFO === Source: ReadWrite (since 2025-05-07T03:26:27.980247+00:00) ===
2025-05-07 14:26:40,281 INFO Parsing RSS for ReadWrite
2025-05-07 14:26:41,404 INFO === Source: Slashdot (since 2025-05-07T03:26:27.980247+00:00) ===
2025-05-07 14:26:41,405 INFO Parsing RSS for Slashdot
2025-05-07 14:26:41,762 INFO === Source: VentureBeat (since 2025-05-07T03:26:27.980247+00:00) ===
2025-05-07 14:26:41,762 INFO Parsing RSS for VentureBeat
2025-05-07 14:26:41,920 INFO === Source: TechRadar (since 2025-05-07T03:26:27.980247+00:00) ===
2025-05-07 14:26:41,920 INFO Parsing RSS for TechRadar
2025-05-07 14:26:43,322 INFO Processing article 1/1 from TechRadar
2025-05-07 14:26:43,322 INFO Fetching article: https://www.techradar.com/pro/hr-departments-could-be-set-for-a-major-shake-up-as-ai-takes-hold
2025-05-07 14:26:43,904 INFO === Source: Gizmodo (since 2025-05-07T03:26:27.980247+00:00) ===
2025-05-07 14:26:43,904 INFO Parsing RSS for Gizmodo
2025-05-07 14:26:46,124 INFO === Source: CNET (since 2025-05-07T03:26:27.980247+00:00) ===
2025-05-07 14:26:46,124 INFO Parsing RSS for CNET
2025-05-07 14:26:46,429 INFO === Source: Bleeping Computer (since 2025-05-07T03:26:27.980247+00:00) ===
2025-05-07 14:26:46,430 INFO Parsing RSS for Bleeping Computer
2025-05-07 14:26:46,554 INFO === Source: Tech Republic (since 2025-05-07T03:26:27.980247+00:00) ===
2025-05-07 14:26:46,555 INFO Parsing RSS for Tech Republic
2025-05-07 14:26:46,704 INFO === Source: Digital Trends (since 2025-05-07T03:26:27.980247+00:00) ===
2025-05-07 14:26:46,704 INFO Parsing RSS for Digital Trends
2025-05-07 14:26:46,817 INFO Processing article 1/1 from Digital Trends
2025-05-07 14:26:46,817 INFO Fetching article: https://www.digitaltrends.com/computing/ai-allows-slain-man-to-address-courtroom-at-killers-sentencing/
2025-05-07 14:26:47,071 INFO === Source: Hackaday (since 2025-05-07T03:26:27.980247+00:00) ===
2025-05-07 14:26:47,071 INFO Parsing RSS for Hackaday
2025-05-07 14:26:47,165 INFO Processing article 1/1 from Hackaday
2025-05-07 14:26:47,166 INFO Fetching article: https://hackaday.com/2025/05/06/adorable-robot-steals-the-show/
2025-05-07 14:26:47,977 INFO Saved 5 articles to /Users/kita/Telegram_News/Telegram_News_Automation/news_system/data/07_05_2025/1426/it_news
2025-05-07 14:26:47,977 INFO Tech news scrape complete, found 5 new articles
2025-05-07 14:26:47,977 INFO Tech news scrape complete, found 5 new articles
2025-05-07 14:26:47,977 INFO Starting business news scrape
2025-05-07 14:26:47,977 INFO === Source: Forbes (since 2025-05-07T03:26:47.977794+00:00) ===
2025-05-07 14:26:47,977 INFO Parsing RSS for Forbes
2025-05-07 14:26:48,092 INFO Processing article 1/4 from Forbes
2025-05-07 14:26:48,092 INFO Fetching article: https://www.forbes.com/sites/antoniopequenoiv/2025/05/07/india-launches-missile-strikes-into-pakistan-islamabad-calls-it-act-of-war-live-updates/
2025-05-07 14:26:48,138 ERROR Error reading robots.txt for https://www.forbes.com: 'utf-8' codec can't decode byte 0x8b in position 1: invalid start byte
2025-05-07 14:26:48,138 WARNING Disallowed by robots.txt: https://www.forbes.com/sites/antoniopequenoiv/2025/05/07/india-launches-missile-strikes-into-pakistan-islamabad-calls-it-act-of-war-live-updates/
2025-05-07 14:26:48,139 INFO Processing article 2/4 from Forbes
2025-05-07 14:26:48,139 INFO Fetching article: https://www.forbes.com/sites/brianmazique/2025/05/07/bo-nickal-responds-to-critics-fraud-check-claims-after-first-pro-loss/
2025-05-07 14:26:48,181 ERROR Error reading robots.txt for https://www.forbes.com: 'utf-8' codec can't decode byte 0x8b in position 1: invalid start byte
2025-05-07 14:26:48,181 WARNING Disallowed by robots.txt: https://www.forbes.com/sites/brianmazique/2025/05/07/bo-nickal-responds-to-critics-fraud-check-claims-after-first-pro-loss/
2025-05-07 14:26:48,181 INFO Processing article 3/4 from Forbes
2025-05-07 14:26:48,181 INFO Fetching article: https://www.forbes.com/sites/kevinrozario/2025/05/06/eatalys-first-units-at-a-us-travel-hub-will-all-be-at-new-yorks-jfk-airport/
2025-05-07 14:26:48,238 ERROR Error reading robots.txt for https://www.forbes.com: 'utf-8' codec can't decode byte 0x8b in position 1: invalid start byte
2025-05-07 14:26:48,238 WARNING Disallowed by robots.txt: https://www.forbes.com/sites/kevinrozario/2025/05/06/eatalys-first-units-at-a-us-travel-hub-will-all-be-at-new-yorks-jfk-airport/
2025-05-07 14:26:48,238 INFO Processing article 4/4 from Forbes
2025-05-07 14:26:48,238 INFO Fetching article: https://www.forbes.com/sites/nicholascrain/2025/05/06/thunders-season-outlook-could-hinge-on-result-of-game-2-against-nuggets/
2025-05-07 14:26:48,289 ERROR Error reading robots.txt for https://www.forbes.com: 'utf-8' codec can't decode byte 0x8b in position 1: invalid start byte
2025-05-07 14:26:48,289 WARNING Disallowed by robots.txt: https://www.forbes.com/sites/nicholascrain/2025/05/06/thunders-season-outlook-could-hinge-on-result-of-game-2-against-nuggets/
2025-05-07 14:26:48,289 INFO === Source: Business Insider (since 2025-05-07T03:26:47.977794+00:00) ===
2025-05-07 14:26:48,289 INFO Parsing RSS for Business Insider
2025-05-07 14:26:49,540 INFO Processing article 1/2 from Business Insider
2025-05-07 14:26:49,540 INFO Fetching article: https://www.businessinsider.com/mark-carney-glad-people-not-tell-he-thought-trump-meeting-2025-5
2025-05-07 14:26:50,462 INFO Processing article 2/2 from Business Insider
2025-05-07 14:26:50,462 INFO Fetching article: https://www.businessinsider.com/pennsylvania-pension-fund-halts-new-tesla-investments-2025-5
2025-05-07 14:26:52,738 INFO === Source: Entrepreneur Magazine (since 2025-05-07T03:26:47.977794+00:00) ===
2025-05-07 14:26:52,738 INFO Parsing RSS for Entrepreneur Magazine
2025-05-07 14:26:52,982 INFO === Source: Inc. (since 2025-05-07T03:26:47.977794+00:00) ===
2025-05-07 14:26:52,983 INFO Parsing RSS for Inc.
2025-05-07 14:26:53,946 INFO === Source: Harvard Business Review (since 2025-05-07T03:26:47.977794+00:00) ===
2025-05-07 14:26:53,947 INFO Parsing RSS for Harvard Business Review
2025-05-07 14:26:55,182 INFO === Source: Reuters Business (since 2025-05-07T03:26:47.977794+00:00) ===
2025-05-07 14:26:55,182 INFO Parsing RSS for Reuters Business
2025-05-07 14:26:55,222 INFO === Source: CNBC (since 2025-05-07T03:26:47.977794+00:00) ===
2025-05-07 14:26:55,222 INFO Parsing RSS for CNBC
2025-05-07 14:26:55,716 INFO === Source: Financial Times (since 2025-05-07T03:26:47.977794+00:00) ===
2025-05-07 14:26:55,716 INFO Parsing RSS for Financial Times
2025-05-07 14:26:56,618 INFO Skipping already scraped article: https://www.ft.com/content/c03e03ba-fd94-4538-a32b-246d59ecaf0c
2025-05-07 14:26:56,618 INFO Processing article 1/3 from Financial Times
2025-05-07 14:26:56,618 INFO Fetching article: https://www.ft.com/content/0ebc22ac-ea47-41a2-962d-c6a47c12480f
2025-05-07 14:26:57,576 INFO Processing article 2/3 from Financial Times
2025-05-07 14:26:57,576 INFO Fetching article: https://www.ft.com/content/8b64f3b9-928c-4194-a805-51fa52a57699
2025-05-07 14:26:59,561 INFO Processing article 3/3 from Financial Times
2025-05-07 14:26:59,561 INFO Fetching article: https://www.ft.com/content/ec39d5ae-0b5f-47ef-b7ef-6f928219a70c
2025-05-07 14:27:01,980 INFO === Source: The Economist (since 2025-05-07T03:26:47.977794+00:00) ===
2025-05-07 14:27:01,980 INFO Parsing RSS for The Economist
2025-05-07 14:27:02,201 INFO === Source: Wall Street Journal (since 2025-05-07T03:26:47.977794+00:00) ===
2025-05-07 14:27:02,201 INFO Parsing RSS for Wall Street Journal
2025-05-07 14:27:03,818 INFO === Source: Fortune (since 2025-05-07T03:26:47.977794+00:00) ===
2025-05-07 14:27:03,818 INFO Parsing RSS for Fortune
2025-05-07 14:27:04,244 INFO Processing article 1/2 from Fortune
2025-05-07 14:27:04,244 INFO Fetching article: https://fortune.com/asia/2025/05/07/india-pakistan-strikes-kashmir-leaders-urge-calm/
2025-05-07 14:27:05,037 INFO Processing article 2/2 from Fortune
2025-05-07 14:27:05,038 INFO Fetching article: https://fortune.com/asia/2025/05/07/china-eases-monetary-policy-economy-trump-trade-war/
2025-05-07 14:27:06,747 INFO === Source: The Hustle (since 2025-05-07T03:26:47.977794+00:00) ===
2025-05-07 14:27:06,747 INFO Parsing RSS for The Hustle
2025-05-07 14:27:07,590 INFO === Source: Quartz (since 2025-05-07T03:26:47.977794+00:00) ===
2025-05-07 14:27:07,590 INFO Parsing RSS for Quartz
2025-05-07 14:27:08,731 INFO === Source: Yahoo Finance (since 2025-05-07T03:26:47.977794+00:00) ===
2025-05-07 14:27:08,731 INFO Parsing RSS for Yahoo Finance
2025-05-07 14:27:08,912 INFO === Source: McKinsey Insights (since 2025-05-07T03:26:47.977794+00:00) ===
2025-05-07 14:27:08,912 INFO Parsing RSS for McKinsey Insights
2025-05-07 14:27:09,562 INFO === Source: Moz Blog (since 2025-05-07T03:26:47.977794+00:00) ===
2025-05-07 14:27:09,563 INFO Parsing RSS for Moz Blog
2025-05-07 14:27:10,856 INFO === Source: Finextra (since 2025-05-07T03:26:47.977794+00:00) ===
2025-05-07 14:27:10,856 INFO Parsing RSS for Finextra
2025-05-07 14:27:11,989 INFO Skipping already scraped article: https://www.finextra.com/event-info/550/a-new-era-of-kyc---why-its-time-to-redefine-client-onboarding?utm_medium=rssfinextra&utm_source=finextrafeed
2025-05-07 14:27:11,989 INFO Skipping already scraped article: https://www.finextra.com/event-info/551/solving-procurement-challenges-with-embedded-payments?utm_medium=rssfinextra&utm_source=finextrafeed
2025-05-07 14:27:11,989 INFO Skipping already scraped article: https://www.finextra.com/event-info/554/weathering-macroeconomic-headwinds-how-should-cfos-invest-in-tech?utm_medium=rssfinextra&utm_source=finextrafeed
2025-05-07 14:27:11,989 INFO Skipping already scraped article: https://www.finextra.com/event-info/553/ai-in-the-wrong-hands-exploring-modern-cybersecurity-concerns?utm_medium=rssfinextra&utm_source=finextrafeed
2025-05-07 14:27:11,989 INFO Skipping already scraped article: https://www.finextra.com/event-info/559/the-next-fintech-frontier-a-path-to-enhanced-cross-border-solutions-amidst-economic-uncertainty?utm_medium=rssfinextra&utm_source=finextrafeed
2025-05-07 14:27:11,989 INFO Skipping already scraped article: https://www.finextra.com/event-info/555/protecting-wealth-tackling-faster-payments-fraud-and-ai-driven-scams?utm_medium=rssfinextra&utm_source=finextrafeed
2025-05-07 14:27:11,989 INFO Skipping already scraped article: https://www.finextra.com/event-info/557/paas-cloud-and-instant-payments-in-the-spotlight-overcoming-outsourcing-challenges?utm_medium=rssfinextra&utm_source=finextrafeed
2025-05-07 14:27:11,989 INFO Skipping already scraped article: https://www.finextra.com/event-info/556/the-final-countdown-whats-next-for-verification-of-payee?utm_medium=rssfinextra&utm_source=finextrafeed
2025-05-07 14:27:11,990 INFO Skipping already scraped article: https://www.finextra.com/event-info/558/why-verticalisation-matters-unlocking-success-through-tailored-smb-propositions-?utm_medium=rssfinextra&utm_source=finextrafeed
2025-05-07 14:27:11,990 INFO Skipping already scraped article: https://www.finextra.com/event-info/561/can-you-have-it-all-integrating-new-channels-in-a-new-world-of-payments-?utm_medium=rssfinextra&utm_source=finextrafeed
2025-05-07 14:27:11,990 INFO Skipping already scraped article: https://www.finextra.com/event-info/560/payments-modernisation-in-emea--2025-priorities-and-challenges-?utm_medium=rssfinextra&utm_source=finextrafeed
2025-05-07 14:27:11,990 INFO === Source: Banking Dive (since 2025-05-07T03:26:47.977794+00:00) ===
2025-05-07 14:27:11,990 INFO Parsing RSS for Banking Dive
2025-05-07 14:27:12,702 INFO === Source: Payments Dive (since 2025-05-07T03:26:47.977794+00:00) ===
2025-05-07 14:27:12,702 INFO Parsing RSS for Payments Dive
2025-05-07 14:27:13,331 INFO === Source: The Financial Brand (since 2025-05-07T03:26:47.977794+00:00) ===
2025-05-07 14:27:13,331 INFO Parsing RSS for The Financial Brand
2025-05-07 14:27:14,188 INFO Saved 11 articles to /Users/kita/Telegram_News/Telegram_News_Automation/news_system/data/07_05_2025/1426/business_news
2025-05-07 14:27:14,188 INFO Business news scrape complete, found 11 new articles
2025-05-07 14:27:14,188 INFO Business news scrape complete, found 11 new articles
